Archive member included to satisfy reference by file (symbol)

/Users/mariobouzakhm/STM32CubeIDE/workspace_1.9.0/ECSE444-Clari/Core/lib/libarm_cortexM4lf_math.a(arm_sin_f32.o)
                              ./Core/Src/ball_kinematics.o (arm_sin_f32)
/Users/mariobouzakhm/STM32CubeIDE/workspace_1.9.0/ECSE444-Clari/Core/lib/libarm_cortexM4lf_math.a(arm_common_tables.o)
                              /Users/mariobouzakhm/STM32CubeIDE/workspace_1.9.0/ECSE444-Clari/Core/lib/libarm_cortexM4lf_math.a(arm_sin_f32.o) (sinTable_f32)
/Users/mariobouzakhm/Desktop/Programming/STM32CubeIDE.app/Contents/Eclipse/plugins/com.st.stm32cube.ide.mcu.externaltools.gnu-tools-for-stm32.10.3-2021.10.macos64_1.0.200.202301161003/tools/bin/../lib/gcc/arm-none-eabi/10.3.1/../../../../arm-none-eabi/lib/thumb/v7e-m+fp/hard/libc_nano.a(lib_a-errno.o)
                              ./Core/Src/syscalls.o (__errno)
/Users/mariobouzakhm/Desktop/Programming/STM32CubeIDE.app/Contents/Eclipse/plugins/com.st.stm32cube.ide.mcu.externaltools.gnu-tools-for-stm32.10.3-2021.10.macos64_1.0.200.202301161003/tools/bin/../lib/gcc/arm-none-eabi/10.3.1/../../../../arm-none-eabi/lib/thumb/v7e-m+fp/hard/libc_nano.a(lib_a-exit.o)
                              /Users/mariobouzakhm/Desktop/Programming/STM32CubeIDE.app/Contents/Eclipse/plugins/com.st.stm32cube.ide.mcu.externaltools.gnu-tools-for-stm32.10.3-2021.10.macos64_1.0.200.202301161003/tools/bin/../lib/gcc/arm-none-eabi/10.3.1/../../../../arm-none-eabi/lib/thumb/v7e-m+fp/hard/crt0.o (exit)
/Users/mariobouzakhm/Desktop/Programming/STM32CubeIDE.app/Contents/Eclipse/plugins/com.st.stm32cube.ide.mcu.externaltools.gnu-tools-for-stm32.10.3-2021.10.macos64_1.0.200.202301161003/tools/bin/../lib/gcc/arm-none-eabi/10.3.1/../../../../arm-none-eabi/lib/thumb/v7e-m+fp/hard/libc_nano.a(lib_a-impure.o)
                              /Users/mariobouzakhm/Desktop/Programming/STM32CubeIDE.app/Contents/Eclipse/plugins/com.st.stm32cube.ide.mcu.externaltools.gnu-tools-for-stm32.10.3-2021.10.macos64_1.0.200.202301161003/tools/bin/../lib/gcc/arm-none-eabi/10.3.1/../../../../arm-none-eabi/lib/thumb/v7e-m+fp/hard/libc_nano.a(lib_a-exit.o) (_global_impure_ptr)
/Users/mariobouzakhm/Desktop/Programming/STM32CubeIDE.app/Contents/Eclipse/plugins/com.st.stm32cube.ide.mcu.externaltools.gnu-tools-for-stm32.10.3-2021.10.macos64_1.0.200.202301161003/tools/bin/../lib/gcc/arm-none-eabi/10.3.1/../../../../arm-none-eabi/lib/thumb/v7e-m+fp/hard/libc_nano.a(lib_a-init.o)
                              /Users/mariobouzakhm/Desktop/Programming/STM32CubeIDE.app/Contents/Eclipse/plugins/com.st.stm32cube.ide.mcu.externaltools.gnu-tools-for-stm32.10.3-2021.10.macos64_1.0.200.202301161003/tools/bin/../lib/gcc/arm-none-eabi/10.3.1/../../../../arm-none-eabi/lib/thumb/v7e-m+fp/hard/crt0.o (__libc_init_array)
/Users/mariobouzakhm/Desktop/Programming/STM32CubeIDE.app/Contents/Eclipse/plugins/com.st.stm32cube.ide.mcu.externaltools.gnu-tools-for-stm32.10.3-2021.10.macos64_1.0.200.202301161003/tools/bin/../lib/gcc/arm-none-eabi/10.3.1/../../../../arm-none-eabi/lib/thumb/v7e-m+fp/hard/libc_nano.a(lib_a-memcpy-stub.o)
                              ./Drivers/Components/m24sr/m24sr.o (memcpy)
/Users/mariobouzakhm/Desktop/Programming/STM32CubeIDE.app/Contents/Eclipse/plugins/com.st.stm32cube.ide.mcu.externaltools.gnu-tools-for-stm32.10.3-2021.10.macos64_1.0.200.202301161003/tools/bin/../lib/gcc/arm-none-eabi/10.3.1/../../../../arm-none-eabi/lib/thumb/v7e-m+fp/hard/libc_nano.a(lib_a-memmove.o)
                              ./Drivers/ssd1306/ssd1306_tests.o (memmove)
/Users/mariobouzakhm/Desktop/Programming/STM32CubeIDE.app/Contents/Eclipse/plugins/com.st.stm32cube.ide.mcu.externaltools.gnu-tools-for-stm32.10.3-2021.10.macos64_1.0.200.202301161003/tools/bin/../lib/gcc/arm-none-eabi/10.3.1/../../../../arm-none-eabi/lib/thumb/v7e-m+fp/hard/libc_nano.a(lib_a-memset.o)
                              /Users/mariobouzakhm/Desktop/Programming/STM32CubeIDE.app/Contents/Eclipse/plugins/com.st.stm32cube.ide.mcu.externaltools.gnu-tools-for-stm32.10.3-2021.10.macos64_1.0.200.202301161003/tools/bin/../lib/gcc/arm-none-eabi/10.3.1/../../../../arm-none-eabi/lib/thumb/v7e-m+fp/hard/crt0.o (memset)
/Users/mariobouzakhm/Desktop/Programming/STM32CubeIDE.app/Contents/Eclipse/plugins/com.st.stm32cube.ide.mcu.externaltools.gnu-tools-for-stm32.10.3-2021.10.macos64_1.0.200.202301161003/tools/bin/../lib/gcc/arm-none-eabi/10.3.1/../../../../arm-none-eabi/lib/thumb/v7e-m+fp/hard/libc_nano.a(lib_a-rand.o)
                              ./Core/Src/maze.o (srand)
/Users/mariobouzakhm/Desktop/Programming/STM32CubeIDE.app/Contents/Eclipse/plugins/com.st.stm32cube.ide.mcu.externaltools.gnu-tools-for-stm32.10.3-2021.10.macos64_1.0.200.202301161003/tools/bin/../lib/gcc/arm-none-eabi/10.3.1/../../../../arm-none-eabi/lib/thumb/v7e-m+fp/hard/libc_nano.a(lib_a-snprintf.o)
                              ./Drivers/ssd1306/ssd1306_tests.o (snprintf)
[...]
Memory Configuration

Name             Origin             Length             Attributes
RAM              0x0000000020000000 0x00000000000a0000 xrw
RAM2             0x0000000010000000 0x0000000000010000 xrw
RAM3             0x0000000020040000 0x0000000000060000 xrw
FLASH            0x0000000008000000 0x0000000000200000 xr
*default*        0x0000000000000000 0xffffffffffffffff

Linker script and memory map

LOAD /Users/mariobouzakhm/Desktop/Programming/STM32CubeIDE.app/Contents/Eclipse/plugins/com.st.stm32cube.ide.mcu.externaltools.gnu-tools-for-stm32.10.3-2021.10.macos64_1.0.200.202301161003/tools/bin/../lib/gcc/arm-none-eabi/10.3.1/thumb/v7e-m+fp/hard/crti.o
LOAD /Users/mariobouzakhm/Desktop/Programming/STM32CubeIDE.app/Contents/Eclipse/plugins/com.st.stm32cube.ide.mcu.externaltools.gnu-tools-for-stm32.10.3-2021.10.macos64_1.0.200.202301161003/tools/bin/../lib/gcc/arm-none-eabi/10.3.1/thumb/v7e-m+fp/hard/crtbegin.o
LOAD /Users/mariobouzakhm/Desktop/Programming/STM32CubeIDE.app/Contents/Eclipse/plugins/com.st.stm32cube.ide.mcu.externaltools.gnu-tools-for-stm32.10.3-2021.10.macos64_1.0.200.202301161003/tools/bin/../lib/gcc/arm-none-eabi/10.3.1/../../../../arm-none-eabi/lib/thumb/v7e-m+fp/hard/crt0.o
LOAD ./Core/Src/ball_kinematics.o
LOAD ./Core/Src/kalman.o
LOAD ./Core/Src/main.o
LOAD ./Core/Src/maze.o
LOAD ./Core/Src/sensor_fusion.o
LOAD ./Core/Src/stm32l4s5i_iot01.o
LOAD ./Core/Src/stm32l4s5i_iot01_accelero.o
LOAD ./Core/Src/stm32l4s5i_iot01_gyro.o
LOAD ./Core/Src/stm32l4s5i_iot01_qspi.o
LOAD ./Core/Src/stm32l4xx_hal_msp.o
LOAD ./Core/Src/stm32l4xx_it.o
LOAD ./Core/Src/syscalls.o
LOAD ./Core/Src/sysmem.o
LOAD ./Core/Src/system_stm32l4xx.o
LOAD ./Core/Startup/startup_stm32l4s5vitx.o
LOAD ./Drivers/Components/cs42l51/cs42l51.o
LOAD ./Drivers/Components/cs43l22/cs43l22.o
LOAD ./Drivers/Components/cy8c4014lqi/cy8c4014lqi.o
LOAD ./Drivers/Components/ft3x67/ft3x67.o
LOAD ./Drivers/Components/ft5336/ft5336.o
LOAD ./Drivers/Components/ft6x06/ft6x06.o
LOAD ./Drivers/Components/hts221/hts221.o
LOAD ./Drivers/Components/hx8347g/hx8347g.o
LOAD ./Drivers/Components/hx8347i/hx8347i.o
LOAD ./Drivers/Components/l3gd20/l3gd20.o
LOAD ./Drivers/Components/lis3mdl/lis3mdl.o
LOAD ./Drivers/Components/lps22hb/lps22hb.o
LOAD ./Drivers/Components/ls016b8uy/ls016b8uy.o
LOAD ./Drivers/Components/lsm303c/lsm303c.o
LOAD ./Drivers/Components/lsm303dlhc/lsm303dlhc.o
LOAD ./Drivers/Components/lsm6dsl/lsm6dsl.o
LOAD ./Drivers/Components/m24sr/m24sr.o
LOAD ./Drivers/Components/mfxstm32l152/mfxstm32l152.o
LOAD ./Drivers/Components/ov9655/ov9655.o
LOAD ./Drivers/Components/st25dv/st25dv.o
LOAD ./Drivers/Components/st25dv/st25dv_reg.o
LOAD ./Drivers/Components/st7735/st7735.o
LOAD ./Drivers/Components/st7789h2/st7789h2.o
LOAD ./Drivers/Components/stmpe1600/stmpe1600.o
LOAD ./Drivers/Components/stmpe811/stmpe811.o
LOAD ./Drivers/Components/wm8994/wm8994.o
LOAD ./Drivers/STM32L4xx_HAL_Driver/Src/stm32l4xx_hal.o
LOAD ./Drivers/STM32L4xx_HAL_Driver/Src/stm32l4xx_hal_cortex.o
LOAD ./Drivers/STM32L4xx_HAL_Driver/Src/stm32l4xx_hal_dac.o
LOAD ./Drivers/STM32L4xx_HAL_Driver/Src/stm32l4xx_hal_dac_ex.o
LOAD ./Drivers/STM32L4xx_HAL_Driver/Src/stm32l4xx_hal_dma.o
LOAD ./Drivers/STM32L4xx_HAL_Driver/Src/stm32l4xx_hal_dma_ex.o
LOAD ./Drivers/STM32L4xx_HAL_Driver/Src/stm32l4xx_hal_exti.o
LOAD ./Drivers/STM32L4xx_HAL_Driver/Src/stm32l4xx_hal_flash.o
LOAD ./Drivers/STM32L4xx_HAL_Driver/Src/stm32l4xx_hal_flash_ex.o
LOAD ./Drivers/STM32L4xx_HAL_Driver/Src/stm32l4xx_hal_flash_ramfunc.o
LOAD ./Drivers/STM32L4xx_HAL_Driver/Src/stm32l4xx_hal_gpio.o
LOAD ./Drivers/STM32L4xx_HAL_Driver/Src/stm32l4xx_hal_i2c.o
LOAD ./Drivers/STM32L4xx_HAL_Driver/Src/stm32l4xx_hal_i2c_ex.o
LOAD ./Drivers/STM32L4xx_HAL_Driver/Src/stm32l4xx_hal_ospi.o
LOAD ./Drivers/STM32L4xx_HAL_Driver/Src/stm32l4xx_hal_pwr.o
LOAD ./Drivers/STM32L4xx_HAL_Driver/Src/stm32l4xx_hal_pwr_ex.o
LOAD ./Drivers/STM32L4xx_HAL_Driver/Src/stm32l4xx_hal_rcc.o
LOAD ./Drivers/STM32L4xx_HAL_Driver/Src/stm32l4xx_hal_rcc_ex.o
LOAD ./Drivers/STM32L4xx_HAL_Driver/Src/stm32l4xx_hal_tim.o
LOAD ./Drivers/STM32L4xx_HAL_Driver/Src/stm32l4xx_hal_tim_ex.o
LOAD ./Drivers/STM32L4xx_HAL_Driver/Src/stm32l4xx_hal_uart.o
LOAD ./Drivers/STM32L4xx_HAL_Driver/Src/stm32l4xx_hal_uart_ex.o
LOAD ./Drivers/ssd1306/ssd1306.o
LOAD ./Drivers/ssd1306/ssd1306_fonts.o
LOAD ./Drivers/ssd1306/ssd1306_tests.o
LOAD /Users/mariobouzakhm/STM32CubeIDE/workspace_1.9.0/ECSE444-Clari/Core/lib/libarm_cortexM4lf_math.a
START GROUP
LOAD /Users/mariobouzakhm/Desktop/Programming/STM32CubeIDE.app/Contents/Eclipse/plugins/com.st.stm32cube.ide.mcu.externaltools.gnu-tools-for-stm32.10.3-2021.10.macos64_1.0.200.202301161003/tools/bin/../lib/gcc/arm-none-eabi/10.3.1/../../../../arm-none-eabi/lib/thumb/v7e-m+fp/hard/libc_nano.a
LOAD /Users/mariobouzakhm/Desktop/Programming/STM32CubeIDE.app/Contents/Eclipse/plugins/com.st.stm32cube.ide.mcu.externaltools.gnu-tools-for-stm32.10.3-2021.10.macos64_1.0.200.202301161003/tools/bin/../lib/gcc/arm-none-eabi/10.3.1/../../../../arm-none-eabi/lib/thumb/v7e-m+fp/hard/libm.a
END GROUP
START GROUP
LOAD /Users/mariobouzakhm/Desktop/Programming/STM32CubeIDE.app/Contents/Eclipse/plugins/com.st.stm32cube.ide.mcu.externaltools.gnu-tools-for-stm32.10.3-2021.10.macos64_1.0.200.202301161003/tools/bin/../lib/gcc/arm-none-eabi/10.3.1/thumb/v7e-m+fp/hard/libgcc.a
LOAD /Users/mariobouzakhm/Desktop/Programming/STM32CubeIDE.app/Contents/Eclipse/plugins/com.st.stm32cube.ide.mcu.externaltools.gnu-tools-for-stm32.10.3-2021.10.macos64_1.0.200.202301161003/tools/bin/../lib/gcc/arm-none-eabi/10.3.1/../../../../arm-none-eabi/lib/thumb/v7e-m+fp/hard/libc_nano.a
END GROUP
START GROUP
LOAD /Users/mariobouzakhm/Desktop/Programming/STM32CubeIDE.app/Contents/Eclipse/plugins/com.st.stm32cube.ide.mcu.externaltools.gnu-tools-for-stm32.10.3-2021.10.macos64_1.0.200.202301161003/tools/bin/../lib/gcc/arm-none-eabi/10.3.1/thumb/v7e-m+fp/hard/libgcc.a
LOAD /Users/mariobouzakhm/Desktop/Programming/STM32CubeIDE.app/Contents/Eclipse/plugins/com.st.stm32cube.ide.mcu.externaltools.gnu-tools-for-stm32.10.3-2021.10.macos64_1.0.200.202301161003/tools/bin/../lib/gcc/arm-none-eabi/10.3.1/../../../../arm-none-eabi/lib/thumb/v7e-m+fp/hard/libc_nano.a
LOAD /Users/mariobouzakhm/Desktop/Programming/STM32CubeIDE.app/Contents/Eclipse/plugins/com.st.stm32cube.ide.mcu.externaltools.gnu-tools-for-stm32.10.3-2021.10.macos64_1.0.200.202301161003/tools/bin/../lib/gcc/arm-none-eabi/10.3.1/../../../../arm-none-eabi/lib/thumb/v7e-m+fp/hard/libnosys.a
END GROUP
START GROUP
LOAD /Users/mariobouzakhm/Desktop/Programming/STM32CubeIDE.app/Contents/Eclipse/plugins/com.st.stm32cube.ide.mcu.externaltools.gnu-tools-for-stm32.10.3-2021.10.macos64_1.0.200.202301161003/tools/bin/../lib/gcc/arm-none-eabi/10.3.1/thumb/v7e-m+fp/hard/libgcc.a
LOAD /Users/mariobouzakhm/Desktop/Programming/STM32CubeIDE.app/Contents/Eclipse/plugins/com.st.stm32cube.ide.mcu.externaltools.gnu-tools-for-stm32.10.3-2021.10.macos64_1.0.200.202301161003/tools/bin/../lib/gcc/arm-none-eabi/10.3.1/../../../../arm-none-eabi/lib/thumb/v7e-m+fp/hard/libc_nano.a
LOAD /Users/mariobouzakhm/Desktop/Programming/STM32CubeIDE.app/Contents/Eclipse/plugins/com.st.stm32cube.ide.mcu.externaltools.gnu-tools-for-stm32.10.3-2021.10.macos64_1.0.200.202301161003/tools/bin/../lib/gcc/arm-none-eabi/10.3.1/../../../../arm-none-eabi/lib/thumb/v7e-m+fp/hard/libnosys.a
END GROUP
LOAD /Users/mariobouzakhm/Desktop/Programming/STM32CubeIDE.app/Contents/Eclipse/plugins/com.st.stm32cube.ide.mcu.externaltools.gnu-tools-for-stm32.10.3-2021.10.macos64_1.0.200.202301161003/tools/bin/../lib/gcc/arm-none-eabi/10.3.1/thumb/v7e-m+fp/hard/crtend.o
LOAD /Users/mariobouzakhm/Desktop/Programming/STM32CubeIDE.app/Contents/Eclipse/plugins/com.st.stm32cube.ide.mcu.externaltools.gnu-tools-for-stm32.10.3-2021.10.macos64_1.0.200.202301161003/tools/bin/../lib/gcc/arm-none-eabi/10.3.1/thumb/v7e-m+fp/hard/crtn.o
                0x00000000200a0000                _estack = (ORIGIN (RAM) + LENGTH (RAM))
                0x0000000000000200                _Min_Heap_Size = 0x200
                0x0000000000000400                _Min_Stack_Size = 0x400

.isr_vector     0x0000000008000000      0x1bc
                0x0000000008000000                . = ALIGN (0x4)
 *(.isr_vector)
 .isr_vector    0x0000000008000000      0x1bc ./Core/Startup/startup_stm32l4s5vitx.o
                0x0000000008000000                g_pfnVectors
                0x00000000080001bc                . = ALIGN (0x4)

.text           0x0000000008010000    0x1c55c
                0x0000000008010000                . = ALIGN (0x4)
 *(.text)
 .text          0x0000000008010000       0x40 /Users/mariobouzakhm/Desktop/Programming/STM32CubeIDE.app/Contents/Eclipse/plugins/com.st.stm32cube.ide.mcu.externaltools.gnu-tools-for-stm32.10.3-2021.10.macos64_1.0.200.202301161003/tools/bin/../lib/gcc/arm-none-eabi/10.3.1/thumb/v7e-m+fp/hard/crtbegin.o
 *fill*         0x0000000008010040     0xffc0 
 .text          0x0000000008020000       0x90 ./Core/Src/kalman.o
                0x0000000008020000                kalman
 .text          0x0000000008020090       0xa0 /Users/mariobouzakhm/Desktop/Programming/STM32CubeIDE.app/Contents/Eclipse/plugins/com.st.stm32cube.ide.mcu.externaltools.gnu-tools-for-stm32.10.3-2021.10.macos64_1.0.200.202301161003/tools/bin/../lib/gcc/arm-none-eabi/10.3.1/../../../../arm-none-eabi/lib/thumb/v7e-m+fp/hard/libc_nano.a(lib_a-memchr.o)
                0x0000000008020090                memchr
 .text          0x0000000008020130      0x378 /Users/mariobouzakhm/Desktop/Programming/STM32CubeIDE.app/Contents/Eclipse/plugins/com.st.stm32cube.ide.mcu.externaltools.gnu-tools-for-stm32.10.3-2021.10.macos64_1.0.200.202301161003/tools/bin/../lib/gcc/arm-none-eabi/10.3.1/thumb/v7e-m+fp/hard/libgcc.a(_arm_addsubdf3.o)
                0x0000000008020130                __aeabi_drsub
                0x0000000008020138                __subdf3
                0x0000000008020138                __aeabi_dsub
                0x000000000802013c                __aeabi_dadd
                0x000000000802013c                __adddf3
                0x00000000080203b4                __aeabi_ui2d
                0x00000000080203b4                __floatunsidf
                0x00000000080203d4                __floatsidf
                0x00000000080203d4                __aeabi_i2d
                0x00000000080203f8                __extendsfdf2
                0x00000000080203f8                __aeabi_f2d
                0x000000000802043c                __aeabi_ul2d
                0x000000000802043c                __floatundidf
                0x000000000802044c                __aeabi_l2d
                0x000000000802044c                __floatdidf
 .text          0x00000000080204a8      0x424 /Users/mariobouzakhm/Desktop/Programming/STM32CubeIDE.app/Contents/Eclipse/plugins/com.st.stm32cube.ide.mcu.externaltools.gnu-tools-for-stm32.10.3-2021.10.macos64_1.0.200.202301161003/tools/bin/../lib/gcc/arm-none-eabi/10.3.1/thumb/v7e-m+fp/hard/libgcc.a(_arm_muldivdf3.o)
                0x00000000080204a8                __aeabi_dmul
                0x00000000080204a8                __muldf3
                0x00000000080206fc                __aeabi_ddiv
                0x00000000080206fc                __divdf3
 .text          0x00000000080208cc      0x110 /Users/mariobouzakhm/Desktop/Programming/STM32CubeIDE.app/Contents/Eclipse/plugins/com.st.stm32cube.ide.mcu.externaltools.gnu-tools-for-stm32.10.3-2021.10.macos64_1.0.200.202301161003/tools/bin/../lib/gcc/arm-none-eabi/10.3.1/thumb/v7e-m+fp/hard/libgcc.a(_arm_cmpdf2.o)
                0x00000000080208cc                __gedf2
                0x00000000080208cc                __gtdf2
                0x00000000080208d4                __ledf2
                0x00000000080208d4                __ltdf2
                0x00000000080208dc                __cmpdf2
                0x00000000080208dc                __eqdf2
                0x00000000080208dc                __nedf2
                0x0000000008020958                __aeabi_cdrcmple
                0x0000000008020968                __aeabi_cdcmple
                0x0000000008020968                __aeabi_cdcmpeq
                0x0000000008020978                __aeabi_dcmpeq
                0x000000000802098c                __aeabi_dcmplt
                0x00000000080209a0                __aeabi_dcmple
                0x00000000080209b4                __aeabi_dcmpge
                0x00000000080209c8                __aeabi_dcmpgt
 .text          0x00000000080209dc       0x2c /Users/mariobouzakhm/Desktop/Programming/STM32CubeIDE.app/Contents/Eclipse/plugins/com.st.stm32cube.ide.mcu.externaltools.gnu-tools-for-stm32.10.3-2021.10.macos64_1.0.200.202301161003/tools/bin/../lib/gcc/arm-none-eabi/10.3.1/thumb/v7e-m+fp/hard/libgcc.a(_arm_unorddf2.o)
                0x00000000080209dc                __aeabi_dcmpun
                0x00000000080209dc                __unorddf2
 .text          0x0000000008020a08       0xa0 /Users/mariobouzakhm/Desktop/Programming/STM32CubeIDE.app/Contents/Eclipse/plugins/com.st.stm32cube.ide.mcu.externaltools.gnu-tools-for-stm32.10.3-2021.10.macos64_1.0.200.202301161003/tools/bin/../lib/gcc/arm-none-eabi/10.3.1/thumb/v7e-m+fp/hard/libgcc.a(_arm_truncdfsf2.o)
                0x0000000008020a08                __aeabi_d2f
                0x0000000008020a08                __truncdfsf2
 .text          0x0000000008020aa8       0x30 /Users/mariobouzakhm/Desktop/Programming/STM32CubeIDE.app/Contents/Eclipse/plugins/com.st.stm32cube.ide.mcu.externaltools.gnu-tools-for-stm32.10.3-2021.10.macos64_1.0.200.202301161003/tools/bin/../lib/gcc/arm-none-eabi/10.3.1/thumb/v7e-m+fp/hard/libgcc.a(_aeabi_uldivmod.o)
                0x0000000008020aa8                __aeabi_uldivmod
 .text          0x0000000008020ad8      0x2d0 /Users/mariobouzakhm/Desktop/Programming/STM32CubeIDE.app/Contents/Eclipse/plugins/com.st.stm32cube.ide.mcu.externaltools.gnu-tools-for-stm32.10.3-2021.10.macos64_1.0.200.202301161003/tools/bin/../lib/gcc/arm-none-eabi/10.3.1/thumb/v7e-m+fp/hard/libgcc.a(_udivmoddi4.o)
                0x0000000008020ad8                __udivmoddi4
 .text          0x0000000008020da8        0x4 /Users/mariobouzakhm/Desktop/Programming/STM32CubeIDE.app/Contents/Eclipse/plugins/com.st.stm32cube.ide.mcu.externaltools.gnu-tools-for-stm32.10.3-2021.10.macos64_1.0.200.202301161003/tools/bin/../lib/gcc/arm-none-eabi/10.3.1/thumb/v7e-m+fp/hard/libgcc.a(_dvmd_tls.o)
                0x0000000008020da8                __aeabi_ldiv0
                0x0000000008020da8                __aeabi_idiv0
 *(.text*)
 .text.Initialize_Game
                0x0000000008020dac       0xa4 ./Core/Src/ball_kinematics.o
                0x0000000008020dac                Initialize_Game
 .text.Init_Ball
                0x0000000008020e50       0x3c ./Core/Src/ball_kinematics.o
                0x0000000008020e50                Init_Ball
 .text.Update_Position
                0x0000000008020e8c       0x5c ./Core/Src/ball_kinematics.o
                0x0000000008020e8c                Update_Position
 .text.winSequence
                0x0000000008020ee8       0x70 ./Core/Src/ball_kinematics.o
                0x0000000008020ee8                winSequence
 .text.gameOver
                0x0000000008020f58       0x4c ./Core/Src/ball_kinematics.o
                0x0000000008020f58                gameOver
 *fill*         0x0000000008020fa4        0x4 
 .text.Calculate_Ball_Kinematics
                0x0000000008020fa8      0x2fc ./Core/Src/ball_kinematics.o
                0x0000000008020fa8                Calculate_Ball_Kinematics
 .text.Calculate_Ball_Velocity
                0x00000000080212a4      0x194 ./Core/Src/ball_kinematics.o
                0x00000000080212a4                Calculate_Ball_Velocity
 .text.Calculate_Delta_Displacement
                0x0000000008021438       0xdc ./Core/Src/ball_kinematics.o
                0x0000000008021438                Calculate_Delta_Displacement
 .text.Accumulate_Displacement
                0x0000000008021514       0x4c ./Core/Src/ball_kinematics.o
                0x0000000008021514                Accumulate_Displacement
 .text.Determine_Ball_Movement
                0x0000000008021560      0x104 ./Core/Src/ball_kinematics.o
                0x0000000008021560                Determine_Ball_Movement
 .text.ITM_SendChar
                0x0000000008021664       0x4e ./Core/Src/main.o
 *fill*         0x00000000080216b2        0x2 
 .text.main     0x00000000080216b4      0x1d8 ./Core/Src/main.o
                0x00000000080216b4                main
 .text.SystemClock_Config
                0x000000000802188c       0xa2 ./Core/Src/main.o
                0x000000000802188c                SystemClock_Config
 *fill*         0x000000000802192e        0x2 
 .text.MX_DAC1_Init
                0x0000000008021930       0x68 ./Core/Src/main.o
 .text.MX_I2C1_Init
                0x0000000008021998       0x80 ./Core/Src/main.o
 .text.MX_I2C2_Init
                0x0000000008021a18       0x80 ./Core/Src/main.o
 .text.MX_OCTOSPI1_Init
                0x0000000008021a98       0xa8 ./Core/Src/main.o
 .text.MX_TIM1_Init
                0x0000000008021b40       0xa8 ./Core/Src/main.o
 .text.MX_TIM2_Init
                0x0000000008021be8       0x9c ./Core/Src/main.o
 .text.MX_USART1_UART_Init
                0x0000000008021c84       0x98 ./Core/Src/main.o
 .text.MX_DMA_Init
                0x0000000008021d1c       0x54 ./Core/Src/main.o
 .text.MX_GPIO_Init
                0x0000000008021d70       0xb4 ./Core/Src/main.o
 .text.HAL_TIM_PeriodElapsedCallback
                0x0000000008021e24       0x4c ./Core/Src/main.o
                0x0000000008021e24                HAL_TIM_PeriodElapsedCallback
 .text.HAL_GPIO_EXTI_Callback
                0x0000000008021e70       0x8c ./Core/Src/main.o
                0x0000000008021e70                HAL_GPIO_EXTI_Callback
 .text._write   0x0000000008021efc       0x38 ./Core/Src/main.o
                0x0000000008021efc                _write
 .text.Error_Handler
                0x0000000008021f34        0xa ./Core/Src/main.o
                0x0000000008021f34                Error_Handler
 *fill*         0x0000000008021f3e        0x2 
 .text.mazeDisplayInit
                0x0000000008021f40       0x38 ./Core/Src/maze.o
                0x0000000008021f40                mazeDisplayInit
 .text.writeMazesToFlash
                0x0000000008021f78       0x38 ./Core/Src/maze.o
                0x0000000008021f78                writeMazesToFlash
 .text.determineStartPosition
                0x0000000008021fb0       0x44 ./Core/Src/maze.o
                0x0000000008021fb0                determineStartPosition
 .text.playSounds
                0x0000000008021ff4       0xc0 ./Core/Src/maze.o
                0x0000000008021ff4                playSounds
 .text.playGameOverSound
                0x00000000080220b4       0x38 ./Core/Src/maze.o
                0x00000000080220b4                playGameOverSound
 .text.updateTime
                0x00000000080220ec       0x64 ./Core/Src/maze.o
                0x00000000080220ec                updateTime
 .text.selectRandomMaze
                0x0000000008022150       0x3c ./Core/Src/maze.o
                0x0000000008022150                selectRandomMaze
 .text.clearScreen
                0x000000000802218c       0x12 ./Core/Src/maze.o
                0x000000000802218c                clearScreen
 *fill*         0x000000000802219e        0x2 
 .text.displayMaze1
                0x00000000080221a0       0x5c ./Core/Src/maze.o
                0x00000000080221a0                displayMaze1
 .text.convertLoadedMazeToDisplayedMaze
                0x00000000080221fc      0x13c ./Core/Src/maze.o
                0x00000000080221fc                convertLoadedMazeToDisplayedMaze
 .text.writeMazeToSectors
                0x0000000008022338       0x3c ./Core/Src/maze.o
                0x0000000008022338                writeMazeToSectors
 .text.readMazeFromSector
                0x0000000008022374       0x28 ./Core/Src/maze.o
                0x0000000008022374                readMazeFromSector
 .text.Sensors_Init
                0x000000000802239c       0x16 ./Core/Src/sensor_fusion.o
                0x000000000802239c                Sensors_Init
 *fill*         0x00000000080223b2        0x2 
 .text.Set_Sampling_Frequency
                0x00000000080223b4       0x4c ./Core/Src/sensor_fusion.o
                0x00000000080223b4                Set_Sampling_Frequency
 .text.Measure_Gyro_Bias
                0x0000000008022400       0x88 ./Core/Src/sensor_fusion.o
                0x0000000008022400                Measure_Gyro_Bias
 .text.Measure_Orientation
                0x0000000008022488      0x3c8 ./Core/Src/sensor_fusion.o
                0x0000000008022488                Measure_Orientation
 .text.I2Cx_MspInit
                0x0000000008022850       0xb0 ./Core/Src/stm32l4s5i_iot01.o
 .text.I2Cx_Init
                0x0000000008022900       0x5c ./Core/Src/stm32l4s5i_iot01.o
 .text.I2Cx_ReadMultiple
                0x000000000802295c       0x5a ./Core/Src/stm32l4s5i_iot01.o
 .text.I2Cx_WriteMultiple
                0x00000000080229b6       0x5a ./Core/Src/stm32l4s5i_iot01.o
 .text.I2Cx_Error
                0x0000000008022a10       0x20 ./Core/Src/stm32l4s5i_iot01.o
 .text.SENSOR_IO_Init
                0x0000000008022a30       0x14 ./Core/Src/stm32l4s5i_iot01.o
                0x0000000008022a30                SENSOR_IO_Init
 .text.SENSOR_IO_Write
                0x0000000008022a44       0x34 ./Core/Src/stm32l4s5i_iot01.o
                0x0000000008022a44                SENSOR_IO_Write
 .text.SENSOR_IO_Read
                0x0000000008022a78       0x3c ./Core/Src/stm32l4s5i_iot01.o
                0x0000000008022a78                SENSOR_IO_Read
 .text.SENSOR_IO_ReadMultiple
                0x0000000008022ab4       0x3c ./Core/Src/stm32l4s5i_iot01.o
                0x0000000008022ab4                SENSOR_IO_ReadMultiple
 .text.BSP_ACCELERO_Init
                0x0000000008022af0       0x7c ./Core/Src/stm32l4s5i_iot01_accelero.o
                0x0000000008022af0                BSP_ACCELERO_Init
 .text.BSP_ACCELERO_AccGetXYZ
                0x0000000008022b6c       0x30 ./Core/Src/stm32l4s5i_iot01_accelero.o
                0x0000000008022b6c                BSP_ACCELERO_AccGetXYZ
 .text.BSP_GYRO_Init
                0x0000000008022b9c       0x84 ./Core/Src/stm32l4s5i_iot01_gyro.o
                0x0000000008022b9c                BSP_GYRO_Init
 .text.BSP_GYRO_LowPower
                0x0000000008022c20       0x34 ./Core/Src/stm32l4s5i_iot01_gyro.o
                0x0000000008022c20                BSP_GYRO_LowPower
 .text.BSP_GYRO_GetXYZ
                0x0000000008022c54       0x30 ./Core/Src/stm32l4s5i_iot01_gyro.o
                0x0000000008022c54                BSP_GYRO_GetXYZ
 .text.BSP_QSPI_Init
                0x0000000008022c84       0xfc ./Core/Src/stm32l4s5i_iot01_qspi.o
                0x0000000008022c84                BSP_QSPI_Init
 .text.BSP_QSPI_Read
                0x0000000008022d80       0xa4 ./Core/Src/stm32l4s5i_iot01_qspi.o
                0x0000000008022d80                BSP_QSPI_Read
 .text.BSP_QSPI_Write
                0x0000000008022e24      0x10c ./Core/Src/stm32l4s5i_iot01_qspi.o
                0x0000000008022e24                BSP_QSPI_Write
 .text.BSP_QSPI_Erase_Sector
                0x0000000008022f30       0x90 ./Core/Src/stm32l4s5i_iot01_qspi.o
                0x0000000008022f30                BSP_QSPI_Erase_Sector
 .text.BSP_QSPI_GetStatus
                0x0000000008022fc0       0xe0 ./Core/Src/stm32l4s5i_iot01_qspi.o
                0x0000000008022fc0                BSP_QSPI_GetStatus
 .text.BSP_QSPI_MspInit
                0x00000000080230a0       0x80 ./Core/Src/stm32l4s5i_iot01_qspi.o
                0x00000000080230a0                BSP_QSPI_MspInit
 .text.QSPI_ResetMemory
                0x0000000008023120       0x8e ./Core/Src/stm32l4s5i_iot01_qspi.o
 .text.QSPI_WriteEnable
                0x00000000080231ae       0xb8 ./Core/Src/stm32l4s5i_iot01_qspi.o
 .text.QSPI_AutoPollingMemReady
                0x0000000008023266       0x96 ./Core/Src/stm32l4s5i_iot01_qspi.o
 .text.QSPI_QuadMode
                0x00000000080232fc      0x158 ./Core/Src/stm32l4s5i_iot01_qspi.o
 .text.QSPI_HighPerfMode
                0x0000000008023454      0x19e ./Core/Src/stm32l4s5i_iot01_qspi.o
 *fill*         0x00000000080235f2        0x2 
 .text.HAL_MspInit
                0x00000000080235f4       0x48 ./Core/Src/stm32l4xx_hal_msp.o
                0x00000000080235f4                HAL_MspInit
 .text.HAL_DAC_MspInit
                0x000000000802363c       0xdc ./Core/Src/stm32l4xx_hal_msp.o
                0x000000000802363c                HAL_DAC_MspInit
 .text.HAL_I2C_MspInit
                0x0000000008023718      0x144 ./Core/Src/stm32l4xx_hal_msp.o
                0x0000000008023718                HAL_I2C_MspInit
 .text.HAL_I2C_MspDeInit
                0x000000000802385c       0x78 ./Core/Src/stm32l4xx_hal_msp.o
                0x000000000802385c                HAL_I2C_MspDeInit
 .text.HAL_OSPI_MspInit
                0x00000000080238d4       0xd8 ./Core/Src/stm32l4xx_hal_msp.o
                0x00000000080238d4                HAL_OSPI_MspInit
 .text.HAL_OSPI_MspDeInit
                0x00000000080239ac       0x48 ./Core/Src/stm32l4xx_hal_msp.o
                0x00000000080239ac                HAL_OSPI_MspDeInit
 .text.HAL_TIM_Base_MspInit
                0x00000000080239f4       0x90 ./Core/Src/stm32l4xx_hal_msp.o
                0x00000000080239f4                HAL_TIM_Base_MspInit
 .text.HAL_UART_MspInit
                0x0000000008023a84       0xbc ./Core/Src/stm32l4xx_hal_msp.o
                0x0000000008023a84                HAL_UART_MspInit
 .text.NMI_Handler
                0x0000000008023b40        0x6 ./Core/Src/stm32l4xx_it.o
                0x0000000008023b40                NMI_Handler
 .text.HardFault_Handler
                0x0000000008023b46        0x6 ./Core/Src/stm32l4xx_it.o
                0x0000000008023b46                HardFault_Handler
 .text.MemManage_Handler
                0x0000000008023b4c        0x6 ./Core/Src/stm32l4xx_it.o
                0x0000000008023b4c                MemManage_Handler
 .text.BusFault_Handler
                0x0000000008023b52        0x6 ./Core/Src/stm32l4xx_it.o
                0x0000000008023b52                BusFault_Handler
 .text.UsageFault_Handler
                0x0000000008023b58        0x6 ./Core/Src/stm32l4xx_it.o
                0x0000000008023b58                UsageFault_Handler
 .text.SVC_Handler
                0x0000000008023b5e        0xe ./Core/Src/stm32l4xx_it.o
                0x0000000008023b5e                SVC_Handler
 .text.DebugMon_Handler
                0x0000000008023b6c        0xe ./Core/Src/stm32l4xx_it.o
                0x0000000008023b6c                DebugMon_Handler
 .text.PendSV_Handler
                0x0000000008023b7a        0xe ./Core/Src/stm32l4xx_it.o
                0x0000000008023b7a                PendSV_Handler
 .text.SysTick_Handler
                0x0000000008023b88        0xc ./Core/Src/stm32l4xx_it.o
                0x0000000008023b88                SysTick_Handler
 .text.DMA1_Channel1_IRQHandler
                0x0000000008023b94       0x14 ./Core/Src/stm32l4xx_it.o
                0x0000000008023b94                DMA1_Channel1_IRQHandler
 .text.TIM1_UP_TIM16_IRQHandler
                0x0000000008023ba8       0x14 ./Core/Src/stm32l4xx_it.o
                0x0000000008023ba8                TIM1_UP_TIM16_IRQHandler
 .text.TIM1_TRG_COM_TIM17_IRQHandler
                0x0000000008023bbc       0x14 ./Core/Src/stm32l4xx_it.o
                0x0000000008023bbc                TIM1_TRG_COM_TIM17_IRQHandler
 .text.TIM2_IRQHandler
                0x0000000008023bd0       0x14 ./Core/Src/stm32l4xx_it.o
                0x0000000008023bd0                TIM2_IRQHandler
 .text.EXTI15_10_IRQHandler
                0x0000000008023be4       0x10 ./Core/Src/stm32l4xx_it.o
                0x0000000008023be4                EXTI15_10_IRQHandler
 .text._getpid  0x0000000008023bf4       0x10 ./Core/Src/syscalls.o
                0x0000000008023bf4                _getpid
 .text._kill    0x0000000008023c04       0x20 ./Core/Src/syscalls.o
                0x0000000008023c04                _kill
 .text._exit    0x0000000008023c24       0x14 ./Core/Src/syscalls.o
                0x0000000008023c24                _exit
 .text._read    0x0000000008023c38       0x3a ./Core/Src/syscalls.o
                0x0000000008023c38                _read
 .text._close   0x0000000008023c72       0x18 ./Core/Src/syscalls.o
                0x0000000008023c72                _close
 .text._fstat   0x0000000008023c8a       0x20 ./Core/Src/syscalls.o
                0x0000000008023c8a                _fstat
 .text._isatty  0x0000000008023caa       0x16 ./Core/Src/syscalls.o
                0x0000000008023caa                _isatty
 .text._lseek   0x0000000008023cc0       0x1a ./Core/Src/syscalls.o
                0x0000000008023cc0                _lseek
 *fill*         0x0000000008023cda        0x2 
 .text._sbrk    0x0000000008023cdc       0x6c ./Core/Src/sysmem.o
                0x0000000008023cdc                _sbrk
 .text.SystemInit
                0x0000000008023d48       0x24 ./Core/Src/system_stm32l4xx.o
                0x0000000008023d48                SystemInit
 .text.Reset_Handler
                0x0000000008023d6c       0x50 ./Core/Startup/startup_stm32l4s5vitx.o
                0x0000000008023d6c                Reset_Handler
 .text.Default_Handler
                0x0000000008023dbc        0x2 ./Core/Startup/startup_stm32l4s5vitx.o
                0x0000000008023dbc                TIM1_BRK_TIM15_IRQHandler
                0x0000000008023dbc                EXTI2_IRQHandler
                0x0000000008023dbc                TIM8_TRG_COM_IRQHandler
                0x0000000008023dbc                TIM8_CC_IRQHandler
                0x0000000008023dbc                TIM1_CC_IRQHandler
                0x0000000008023dbc                TSC_IRQHandler
                0x0000000008023dbc                TAMP_STAMP_IRQHandler
                0x0000000008023dbc                EXTI3_IRQHandler
                0x0000000008023dbc                LPTIM2_IRQHandler
                0x0000000008023dbc                DFSDM1_FLT1_IRQHandler
                0x0000000008023dbc                GFXMMU_IRQHandler
                0x0000000008023dbc                I2C3_ER_IRQHandler
                0x0000000008023dbc                DFSDM1_FLT2_IRQHandler
                0x0000000008023dbc                EXTI0_IRQHandler
                0x0000000008023dbc                I2C2_EV_IRQHandler
                0x0000000008023dbc                CAN1_RX0_IRQHandler
                0x0000000008023dbc                FPU_IRQHandler
                0x0000000008023dbc                LTDC_ER_IRQHandler
                0x0000000008023dbc                SPI1_IRQHandler
                0x0000000008023dbc                OCTOSPI1_IRQHandler
                0x0000000008023dbc                TIM6_DAC_IRQHandler
                0x0000000008023dbc                DCMI_IRQHandler
                0x0000000008023dbc                TIM8_UP_IRQHandler
                0x0000000008023dbc                OCTOSPI2_IRQHandler
                0x0000000008023dbc                DMA2_Channel2_IRQHandler
                0x0000000008023dbc                DMA1_Channel4_IRQHandler
                0x0000000008023dbc                SAI2_IRQHandler
                0x0000000008023dbc                ADC1_IRQHandler
                0x0000000008023dbc                DFSDM1_FLT3_IRQHandler
                0x0000000008023dbc                USART3_IRQHandler
                0x0000000008023dbc                DMA1_Channel7_IRQHandler
                0x0000000008023dbc                CAN1_RX1_IRQHandler
                0x0000000008023dbc                UART5_IRQHandler
                0x0000000008023dbc                TIM4_IRQHandler
                0x0000000008023dbc                DMA2_Channel1_IRQHandler
                0x0000000008023dbc                I2C1_EV_IRQHandler
                0x0000000008023dbc                DMAMUX1_OVR_IRQHandler
                0x0000000008023dbc                DMA1_Channel6_IRQHandler
                0x0000000008023dbc                UART4_IRQHandler
                0x0000000008023dbc                DMA2_Channel4_IRQHandler
                0x0000000008023dbc                TIM3_IRQHandler
                0x0000000008023dbc                RCC_IRQHandler
                0x0000000008023dbc                Default_Handler
                0x0000000008023dbc                DMA2_Channel7_IRQHandler
                0x0000000008023dbc                TIM7_IRQHandler
                0x0000000008023dbc                SDMMC1_IRQHandler
                0x0000000008023dbc                TIM5_IRQHandler
                0x0000000008023dbc                I2C3_EV_IRQHandler
                0x0000000008023dbc                EXTI9_5_IRQHandler
                0x0000000008023dbc                RTC_WKUP_IRQHandler
                0x0000000008023dbc                LTDC_IRQHandler
                0x0000000008023dbc                PVD_PVM_IRQHandler
                0x0000000008023dbc                SPI2_IRQHandler
                0x0000000008023dbc                CAN1_TX_IRQHandler
                0x0000000008023dbc                DMA2_Channel5_IRQHandler
                0x0000000008023dbc                DMA1_Channel5_IRQHandler
                0x0000000008023dbc                EXTI4_IRQHandler
                0x0000000008023dbc                RNG_IRQHandler
                0x0000000008023dbc                DMA1_Channel3_IRQHandler
                0x0000000008023dbc                COMP_IRQHandler
                0x0000000008023dbc                HASH_CRS_IRQHandler
                0x0000000008023dbc                WWDG_IRQHandler
                0x0000000008023dbc                I2C4_EV_IRQHandler
                0x0000000008023dbc                LPUART1_IRQHandler
                0x0000000008023dbc                DMA2_Channel6_IRQHandler
                0x0000000008023dbc                DMA2D_IRQHandler
                0x0000000008023dbc                EXTI1_IRQHandler
                0x0000000008023dbc                AES_IRQHandler
                0x0000000008023dbc                USART2_IRQHandler
                0x0000000008023dbc                DFSDM1_FLT0_IRQHandler
                0x0000000008023dbc                I2C2_ER_IRQHandler
                0x0000000008023dbc                DMA1_Channel2_IRQHandler
                0x0000000008023dbc                TIM8_BRK_IRQHandler
                0x0000000008023dbc                CAN1_SCE_IRQHandler
                0x0000000008023dbc                FLASH_IRQHandler
                0x0000000008023dbc                USART1_IRQHandler
                0x0000000008023dbc                OTG_FS_IRQHandler
                0x0000000008023dbc                SPI3_IRQHandler
                0x0000000008023dbc                I2C1_ER_IRQHandler
                0x0000000008023dbc                FMC_IRQHandler
                0x0000000008023dbc                LPTIM1_IRQHandler
                0x0000000008023dbc                I2C4_ER_IRQHandler
                0x0000000008023dbc                SAI1_IRQHandler
                0x0000000008023dbc                DMA2_Channel3_IRQHandler
                0x0000000008023dbc                RTC_Alarm_IRQHandler
 .text.LSM6DSL_AccInit
                0x0000000008023dbe       0x72 ./Drivers/Components/lsm6dsl/lsm6dsl.o
                0x0000000008023dbe                LSM6DSL_AccInit
 .text.LSM6DSL_AccDeInit
                0x0000000008023e30       0x32 ./Drivers/Components/lsm6dsl/lsm6dsl.o
                0x0000000008023e30                LSM6DSL_AccDeInit
 .text.LSM6DSL_AccReadID
                0x0000000008023e62       0x16 ./Drivers/Components/lsm6dsl/lsm6dsl.o
                0x0000000008023e62                LSM6DSL_AccReadID
 .text.LSM6DSL_AccLowPower
                0x0000000008023e78       0x44 ./Drivers/Components/lsm6dsl/lsm6dsl.o
                0x0000000008023e78                LSM6DSL_AccLowPower
 .text.LSM6DSL_AccReadXYZ
                0x0000000008023ebc      0x130 ./Drivers/Components/lsm6dsl/lsm6dsl.o
                0x0000000008023ebc                LSM6DSL_AccReadXYZ
 .text.LSM6DSL_GyroInit
                0x0000000008023fec       0x72 ./Drivers/Components/lsm6dsl/lsm6dsl.o
                0x0000000008023fec                LSM6DSL_GyroInit
 .text.LSM6DSL_GyroDeInit
                0x000000000802405e       0x32 ./Drivers/Components/lsm6dsl/lsm6dsl.o
                0x000000000802405e                LSM6DSL_GyroDeInit
 .text.LSM6DSL_GyroReadID
                0x0000000008024090       0x16 ./Drivers/Components/lsm6dsl/lsm6dsl.o
                0x0000000008024090                LSM6DSL_GyroReadID
 .text.LSM6DSL_GyroLowPower
                0x00000000080240a6       0x44 ./Drivers/Components/lsm6dsl/lsm6dsl.o
                0x00000000080240a6                LSM6DSL_GyroLowPower
 *fill*         0x00000000080240ea        0x2 
 .text.LSM6DSL_GyroReadXYZAngRate
                0x00000000080240ec      0x128 ./Drivers/Components/lsm6dsl/lsm6dsl.o
                0x00000000080240ec                LSM6DSL_GyroReadXYZAngRate
 .text.HAL_Init
                0x0000000008024214       0x30 ./Drivers/STM32L4xx_HAL_Driver/Src/stm32l4xx_hal.o
                0x0000000008024214                HAL_Init
 .text.HAL_InitTick
                0x0000000008024244       0x78 ./Drivers/STM32L4xx_HAL_Driver/Src/stm32l4xx_hal.o
                0x0000000008024244                HAL_InitTick
 .text.HAL_IncTick
                0x00000000080242bc       0x28 ./Drivers/STM32L4xx_HAL_Driver/Src/stm32l4xx_hal.o
                0x00000000080242bc                HAL_IncTick
 .text.HAL_GetTick
                0x00000000080242e4       0x18 ./Drivers/STM32L4xx_HAL_Driver/Src/stm32l4xx_hal.o
                0x00000000080242e4                HAL_GetTick
 .text.HAL_Delay
                0x00000000080242fc       0x48 ./Drivers/STM32L4xx_HAL_Driver/Src/stm32l4xx_hal.o
                0x00000000080242fc                HAL_Delay
 .text.__NVIC_SetPriorityGrouping
                0x0000000008024344       0x48 ./Drivers/STM32L4xx_HAL_Driver/Src/stm32l4xx_hal_cortex.o
 .text.__NVIC_GetPriorityGrouping
                0x000000000802438c       0x1c ./Drivers/STM32L4xx_HAL_Driver/Src/stm32l4xx_hal_cortex.o
 .text.__NVIC_EnableIRQ
                0x00000000080243a8       0x3c ./Drivers/STM32L4xx_HAL_Driver/Src/stm32l4xx_hal_cortex.o
 .text.__NVIC_SetPriority
                0x00000000080243e4       0x54 ./Drivers/STM32L4xx_HAL_Driver/Src/stm32l4xx_hal_cortex.o
 .text.NVIC_EncodePriority
                0x0000000008024438       0x66 ./Drivers/STM32L4xx_HAL_Driver/Src/stm32l4xx_hal_cortex.o
 *fill*         0x000000000802449e        0x2 
 .text.SysTick_Config
                0x00000000080244a0       0x44 ./Drivers/STM32L4xx_HAL_Driver/Src/stm32l4xx_hal_cortex.o
 .text.HAL_NVIC_SetPriorityGrouping
                0x00000000080244e4       0x16 ./Drivers/STM32L4xx_HAL_Driver/Src/stm32l4xx_hal_cortex.o
                0x00000000080244e4                HAL_NVIC_SetPriorityGrouping
 .text.HAL_NVIC_SetPriority
                0x00000000080244fa       0x38 ./Drivers/STM32L4xx_HAL_Driver/Src/stm32l4xx_hal_cortex.o
                0x00000000080244fa                HAL_NVIC_SetPriority
 .text.HAL_NVIC_EnableIRQ
                0x0000000008024532       0x1c ./Drivers/STM32L4xx_HAL_Driver/Src/stm32l4xx_hal_cortex.o
                0x0000000008024532                HAL_NVIC_EnableIRQ
 .text.HAL_SYSTICK_Config
                0x000000000802454e       0x18 ./Drivers/STM32L4xx_HAL_Driver/Src/stm32l4xx_hal_cortex.o
                0x000000000802454e                HAL_SYSTICK_Config
 .text.HAL_DAC_Init
                0x0000000008024566       0x44 ./Drivers/STM32L4xx_HAL_Driver/Src/stm32l4xx_hal_dac.o
                0x0000000008024566                HAL_DAC_Init
 .text.HAL_DAC_Start
                0x00000000080245aa       0xa4 ./Drivers/STM32L4xx_HAL_Driver/Src/stm32l4xx_hal_dac.o
                0x00000000080245aa                HAL_DAC_Start
 *fill*         0x000000000802464e        0x2 
 .text.HAL_DAC_Start_DMA
                0x0000000008024650      0x198 ./Drivers/STM32L4xx_HAL_Driver/Src/stm32l4xx_hal_dac.o
                0x0000000008024650                HAL_DAC_Start_DMA
 .text.HAL_DAC_Stop_DMA
                0x00000000080247e8       0x8a ./Drivers/STM32L4xx_HAL_Driver/Src/stm32l4xx_hal_dac.o
                0x00000000080247e8                HAL_DAC_Stop_DMA
 .text.HAL_DAC_ConvCpltCallbackCh1
                0x0000000008024872       0x14 ./Drivers/STM32L4xx_HAL_Driver/Src/stm32l4xx_hal_dac.o
                0x0000000008024872                HAL_DAC_ConvCpltCallbackCh1
 .text.HAL_DAC_ConvHalfCpltCallbackCh1
                0x0000000008024886       0x14 ./Drivers/STM32L4xx_HAL_Driver/Src/stm32l4xx_hal_dac.o
                0x0000000008024886                HAL_DAC_ConvHalfCpltCallbackCh1
 .text.HAL_DAC_ErrorCallbackCh1
                0x000000000802489a       0x14 ./Drivers/STM32L4xx_HAL_Driver/Src/stm32l4xx_hal_dac.o
                0x000000000802489a                HAL_DAC_ErrorCallbackCh1
 *fill*         0x00000000080248ae        0x2 
 .text.HAL_DAC_ConfigChannel
                0x00000000080248b0      0x280 ./Drivers/STM32L4xx_HAL_Driver/Src/stm32l4xx_hal_dac.o
                0x00000000080248b0                HAL_DAC_ConfigChannel
 .text.DAC_DMAConvCpltCh1
                0x0000000008024b30       0x22 ./Drivers/STM32L4xx_HAL_Driver/Src/stm32l4xx_hal_dac.o
                0x0000000008024b30                DAC_DMAConvCpltCh1
 .text.DAC_DMAHalfConvCpltCh1
                0x0000000008024b52       0x1c ./Drivers/STM32L4xx_HAL_Driver/Src/stm32l4xx_hal_dac.o
                0x0000000008024b52                DAC_DMAHalfConvCpltCh1
 .text.DAC_DMAErrorCh1
                0x0000000008024b6e       0x2e ./Drivers/STM32L4xx_HAL_Driver/Src/stm32l4xx_hal_dac.o
                0x0000000008024b6e                DAC_DMAErrorCh1
 .text.HAL_DACEx_ConvCpltCallbackCh2
                0x0000000008024b9c       0x14 ./Drivers/STM32L4xx_HAL_Driver/Src/stm32l4xx_hal_dac_ex.o
                0x0000000008024b9c                HAL_DACEx_ConvCpltCallbackCh2
 .text.HAL_DACEx_ConvHalfCpltCallbackCh2
                0x0000000008024bb0       0x14 ./Drivers/STM32L4xx_HAL_Driver/Src/stm32l4xx_hal_dac_ex.o
                0x0000000008024bb0                HAL_DACEx_ConvHalfCpltCallbackCh2
 .text.HAL_DACEx_ErrorCallbackCh2
                0x0000000008024bc4       0x14 ./Drivers/STM32L4xx_HAL_Driver/Src/stm32l4xx_hal_dac_ex.o
                0x0000000008024bc4                HAL_DACEx_ErrorCallbackCh2
 .text.DAC_DMAConvCpltCh2
                0x0000000008024bd8       0x22 ./Drivers/STM32L4xx_HAL_Driver/Src/stm32l4xx_hal_dac_ex.o
                0x0000000008024bd8                DAC_DMAConvCpltCh2
 .text.DAC_DMAHalfConvCpltCh2
                0x0000000008024bfa       0x1c ./Drivers/STM32L4xx_HAL_Driver/Src/stm32l4xx_hal_dac_ex.o
                0x0000000008024bfa                DAC_DMAHalfConvCpltCh2
 .text.DAC_DMAErrorCh2
                0x0000000008024c16       0x2e ./Drivers/STM32L4xx_HAL_Driver/Src/stm32l4xx_hal_dac_ex.o
                0x0000000008024c16                DAC_DMAErrorCh2
 .text.HAL_DMA_Init
                0x0000000008024c44      0x150 ./Drivers/STM32L4xx_HAL_Driver/Src/stm32l4xx_hal_dma.o
                0x0000000008024c44                HAL_DMA_Init
 .text.HAL_DMA_Start_IT
                0x0000000008024d94       0xf6 ./Drivers/STM32L4xx_HAL_Driver/Src/stm32l4xx_hal_dma.o
                0x0000000008024d94                HAL_DMA_Start_IT
 .text.HAL_DMA_Abort
                0x0000000008024e8a       0xb8 ./Drivers/STM32L4xx_HAL_Driver/Src/stm32l4xx_hal_dma.o
                0x0000000008024e8a                HAL_DMA_Abort
 .text.HAL_DMA_IRQHandler
                0x0000000008024f42      0x15e ./Drivers/STM32L4xx_HAL_Driver/Src/stm32l4xx_hal_dma.o
                0x0000000008024f42                HAL_DMA_IRQHandler
 .text.DMA_SetConfig
                0x00000000080250a0       0x7c ./Drivers/STM32L4xx_HAL_Driver/Src/stm32l4xx_hal_dma.o
 .text.DMA_CalcDMAMUXChannelBaseAndMask
                0x000000000802511c       0x7c ./Drivers/STM32L4xx_HAL_Driver/Src/stm32l4xx_hal_dma.o
 .text.DMA_CalcDMAMUXRequestGenBaseAndMask
                0x0000000008025198       0x48 ./Drivers/STM32L4xx_HAL_Driver/Src/stm32l4xx_hal_dma.o
 .text.HAL_GPIO_Init
                0x00000000080251e0      0x324 ./Drivers/STM32L4xx_HAL_Driver/Src/stm32l4xx_hal_gpio.o
                0x00000000080251e0                HAL_GPIO_Init
 .text.HAL_GPIO_DeInit
                0x0000000008025504      0x1e4 ./Drivers/STM32L4xx_HAL_Driver/Src/stm32l4xx_hal_gpio.o
                0x0000000008025504                HAL_GPIO_DeInit
 .text.HAL_GPIO_EXTI_IRQHandler
                0x00000000080256e8       0x30 ./Drivers/STM32L4xx_HAL_Driver/Src/stm32l4xx_hal_gpio.o
                0x00000000080256e8                HAL_GPIO_EXTI_IRQHandler
 .text.HAL_I2C_Init
                0x0000000008025718      0x11e ./Drivers/STM32L4xx_HAL_Driver/Src/stm32l4xx_hal_i2c.o
                0x0000000008025718                HAL_I2C_Init
 .text.HAL_I2C_DeInit
                0x0000000008025836       0x5e ./Drivers/STM32L4xx_HAL_Driver/Src/stm32l4xx_hal_i2c.o
                0x0000000008025836                HAL_I2C_DeInit
 .text.HAL_I2C_Mem_Write
                0x0000000008025894      0x228 ./Drivers/STM32L4xx_HAL_Driver/Src/stm32l4xx_hal_i2c.o
                0x0000000008025894                HAL_I2C_Mem_Write
 .text.HAL_I2C_Mem_Read
                0x0000000008025abc      0x234 ./Drivers/STM32L4xx_HAL_Driver/Src/stm32l4xx_hal_i2c.o
                0x0000000008025abc                HAL_I2C_Mem_Read
 .text.I2C_RequestMemoryWrite
                0x0000000008025cf0       0xa8 ./Drivers/STM32L4xx_HAL_Driver/Src/stm32l4xx_hal_i2c.o
 .text.I2C_RequestMemoryRead
                0x0000000008025d98       0xa8 ./Drivers/STM32L4xx_HAL_Driver/Src/stm32l4xx_hal_i2c.o
 .text.I2C_Flush_TXDR
                0x0000000008025e40       0x48 ./Drivers/STM32L4xx_HAL_Driver/Src/stm32l4xx_hal_i2c.o
 .text.I2C_WaitOnFlagUntilTimeout
                0x0000000008025e88       0x80 ./Drivers/STM32L4xx_HAL_Driver/Src/stm32l4xx_hal_i2c.o
 .text.I2C_WaitOnTXISFlagUntilTimeout
                0x0000000008025f08       0x80 ./Drivers/STM32L4xx_HAL_Driver/Src/stm32l4xx_hal_i2c.o
 .text.I2C_WaitOnSTOPFlagUntilTimeout
                0x0000000008025f88       0x78 ./Drivers/STM32L4xx_HAL_Driver/Src/stm32l4xx_hal_i2c.o
 .text.I2C_IsErrorOccurred
                0x0000000008026000      0x1d8 ./Drivers/STM32L4xx_HAL_Driver/Src/stm32l4xx_hal_i2c.o
 .text.I2C_TransferConfig
                0x00000000080261d8       0x64 ./Drivers/STM32L4xx_HAL_Driver/Src/stm32l4xx_hal_i2c.o
 .text.HAL_I2CEx_ConfigAnalogFilter
                0x000000000802623c       0x96 ./Drivers/STM32L4xx_HAL_Driver/Src/stm32l4xx_hal_i2c_ex.o
                0x000000000802623c                HAL_I2CEx_ConfigAnalogFilter
 .text.HAL_I2CEx_ConfigDigitalFilter
                0x00000000080262d2       0x98 ./Drivers/STM32L4xx_HAL_Driver/Src/stm32l4xx_hal_i2c_ex.o
                0x00000000080262d2                HAL_I2CEx_ConfigDigitalFilter
 *fill*         0x000000000802636a        0x2 
 .text.HAL_OSPI_Init
                0x000000000802636c      0x154 ./Drivers/STM32L4xx_HAL_Driver/Src/stm32l4xx_hal_ospi.o
                0x000000000802636c                HAL_OSPI_Init
 .text.HAL_OSPI_DeInit
                0x00000000080264c0       0x4e ./Drivers/STM32L4xx_HAL_Driver/Src/stm32l4xx_hal_ospi.o
                0x00000000080264c0                HAL_OSPI_DeInit
 .text.HAL_OSPI_Command
                0x000000000802650e      0x102 ./Drivers/STM32L4xx_HAL_Driver/Src/stm32l4xx_hal_ospi.o
                0x000000000802650e                HAL_OSPI_Command
 .text.HAL_OSPI_Transmit
                0x0000000008026610       0xe6 ./Drivers/STM32L4xx_HAL_Driver/Src/stm32l4xx_hal_ospi.o
                0x0000000008026610                HAL_OSPI_Transmit
 .text.HAL_OSPI_Receive
                0x00000000080266f6      0x146 ./Drivers/STM32L4xx_HAL_Driver/Src/stm32l4xx_hal_ospi.o
                0x00000000080266f6                HAL_OSPI_Receive
 .text.HAL_OSPI_AutoPolling
                0x000000000802683c      0x10e ./Drivers/STM32L4xx_HAL_Driver/Src/stm32l4xx_hal_ospi.o
                0x000000000802683c                HAL_OSPI_AutoPolling
 .text.HAL_OSPI_SetTimeout
                0x000000000802694a       0x1e ./Drivers/STM32L4xx_HAL_Driver/Src/stm32l4xx_hal_ospi.o
                0x000000000802694a                HAL_OSPI_SetTimeout
 .text.HAL_OSPIM_Config
                0x0000000008026968      0x668 ./Drivers/STM32L4xx_HAL_Driver/Src/stm32l4xx_hal_ospi.o
                0x0000000008026968                HAL_OSPIM_Config
 .text.OSPI_WaitFlagStateUntilTimeout
                0x0000000008026fd0       0x6e ./Drivers/STM32L4xx_HAL_Driver/Src/stm32l4xx_hal_ospi.o
 *fill*         0x000000000802703e        0x2 
 .text.OSPI_ConfigCmd
                0x0000000008027040      0x2c4 ./Drivers/STM32L4xx_HAL_Driver/Src/stm32l4xx_hal_ospi.o
 .text.OSPIM_GetConfig
                0x0000000008027304      0x160 ./Drivers/STM32L4xx_HAL_Driver/Src/stm32l4xx_hal_ospi.o
 .text.HAL_PWREx_GetVoltageRange
                0x0000000008027464       0x40 ./Drivers/STM32L4xx_HAL_Driver/Src/stm32l4xx_hal_pwr_ex.o
                0x0000000008027464                HAL_PWREx_GetVoltageRange
 .text.HAL_PWREx_ControlVoltageScaling
                0x00000000080274a4      0x148 ./Drivers/STM32L4xx_HAL_Driver/Src/stm32l4xx_hal_pwr_ex.o
                0x00000000080274a4                HAL_PWREx_ControlVoltageScaling
 .text.HAL_RCC_OscConfig
                0x00000000080275ec      0x834 ./Drivers/STM32L4xx_HAL_Driver/Src/stm32l4xx_hal_rcc.o
                0x00000000080275ec                HAL_RCC_OscConfig
 .text.HAL_RCC_ClockConfig
                0x0000000008027e20      0x274 ./Drivers/STM32L4xx_HAL_Driver/Src/stm32l4xx_hal_rcc.o
                0x0000000008027e20                HAL_RCC_ClockConfig
 .text.HAL_RCC_GetSysClockFreq
                0x0000000008028094      0x118 ./Drivers/STM32L4xx_HAL_Driver/Src/stm32l4xx_hal_rcc.o
                0x0000000008028094                HAL_RCC_GetSysClockFreq
 .text.HAL_RCC_GetHCLKFreq
                0x00000000080281ac       0x18 ./Drivers/STM32L4xx_HAL_Driver/Src/stm32l4xx_hal_rcc.o
                0x00000000080281ac                HAL_RCC_GetHCLKFreq
 .text.HAL_RCC_GetPCLK1Freq
                0x00000000080281c4       0x2c ./Drivers/STM32L4xx_HAL_Driver/Src/stm32l4xx_hal_rcc.o
                0x00000000080281c4                HAL_RCC_GetPCLK1Freq
 .text.HAL_RCC_GetPCLK2Freq
                0x00000000080281f0       0x2c ./Drivers/STM32L4xx_HAL_Driver/Src/stm32l4xx_hal_rcc.o
                0x00000000080281f0                HAL_RCC_GetPCLK2Freq
 .text.RCC_SetFlashLatencyFromMSIRange
                0x000000000802821c       0xb4 ./Drivers/STM32L4xx_HAL_Driver/Src/stm32l4xx_hal_rcc.o
 .text.RCC_GetSysClockFreqFromPLLSource
                0x00000000080282d0       0xcc ./Drivers/STM32L4xx_HAL_Driver/Src/stm32l4xx_hal_rcc.o
 .text.HAL_RCCEx_PeriphCLKConfig
                0x000000000802839c      0x660 ./Drivers/STM32L4xx_HAL_Driver/Src/stm32l4xx_hal_rcc_ex.o
                0x000000000802839c                HAL_RCCEx_PeriphCLKConfig
 .text.RCCEx_PLLSAI1_Config
                0x00000000080289fc      0x1e8 ./Drivers/STM32L4xx_HAL_Driver/Src/stm32l4xx_hal_rcc_ex.o
 .text.RCCEx_PLLSAI2_Config
                0x0000000008028be4      0x1e8 ./Drivers/STM32L4xx_HAL_Driver/Src/stm32l4xx_hal_rcc_ex.o
 .text.HAL_TIM_Base_Init
                0x0000000008028dcc       0xae ./Drivers/STM32L4xx_HAL_Driver/Src/stm32l4xx_hal_tim.o
                0x0000000008028dcc                HAL_TIM_Base_Init
 *fill*         0x0000000008028e7a        0x2 
 .text.HAL_TIM_Base_Start_IT
                0x0000000008028e7c       0xe0 ./Drivers/STM32L4xx_HAL_Driver/Src/stm32l4xx_hal_tim.o
                0x0000000008028e7c                HAL_TIM_Base_Start_IT
 .text.HAL_TIM_IRQHandler
                0x0000000008028f5c      0x23e ./Drivers/STM32L4xx_HAL_Driver/Src/stm32l4xx_hal_tim.o
                0x0000000008028f5c                HAL_TIM_IRQHandler
 .text.HAL_TIM_ConfigClockSource
                0x000000000802919a      0x192 ./Drivers/STM32L4xx_HAL_Driver/Src/stm32l4xx_hal_tim.o
                0x000000000802919a                HAL_TIM_ConfigClockSource
 .text.HAL_TIM_OC_DelayElapsedCallback
                0x000000000802932c       0x14 ./Drivers/STM32L4xx_HAL_Driver/Src/stm32l4xx_hal_tim.o
                0x000000000802932c                HAL_TIM_OC_DelayElapsedCallback
 .text.HAL_TIM_IC_CaptureCallback
                0x0000000008029340       0x14 ./Drivers/STM32L4xx_HAL_Driver/Src/stm32l4xx_hal_tim.o
                0x0000000008029340                HAL_TIM_IC_CaptureCallback
 .text.HAL_TIM_PWM_PulseFinishedCallback
                0x0000000008029354       0x14 ./Drivers/STM32L4xx_HAL_Driver/Src/stm32l4xx_hal_tim.o
                0x0000000008029354                HAL_TIM_PWM_PulseFinishedCallback
 .text.HAL_TIM_TriggerCallback
                0x0000000008029368       0x14 ./Drivers/STM32L4xx_HAL_Driver/Src/stm32l4xx_hal_tim.o
                0x0000000008029368                HAL_TIM_TriggerCallback
 .text.TIM_Base_SetConfig
                0x000000000802937c      0x134 ./Drivers/STM32L4xx_HAL_Driver/Src/stm32l4xx_hal_tim.o
                0x000000000802937c                TIM_Base_SetConfig
 .text.TIM_TI1_ConfigInputStage
                0x00000000080294b0       0x5e ./Drivers/STM32L4xx_HAL_Driver/Src/stm32l4xx_hal_tim.o
 .text.TIM_TI2_ConfigInputStage
                0x000000000802950e       0x60 ./Drivers/STM32L4xx_HAL_Driver/Src/stm32l4xx_hal_tim.o
 .text.TIM_ITRx_SetConfig
                0x000000000802956e       0x36 ./Drivers/STM32L4xx_HAL_Driver/Src/stm32l4xx_hal_tim.o
 .text.TIM_ETR_SetConfig
                0x00000000080295a4       0x40 ./Drivers/STM32L4xx_HAL_Driver/Src/stm32l4xx_hal_tim.o
                0x00000000080295a4                TIM_ETR_SetConfig
 .text.HAL_TIMEx_MasterConfigSynchronization
                0x00000000080295e4      0x110 ./Drivers/STM32L4xx_HAL_Driver/Src/stm32l4xx_hal_tim_ex.o
                0x00000000080295e4                HAL_TIMEx_MasterConfigSynchronization
 .text.HAL_TIMEx_CommutCallback
                0x00000000080296f4       0x14 ./Drivers/STM32L4xx_HAL_Driver/Src/stm32l4xx_hal_tim_ex.o
                0x00000000080296f4                HAL_TIMEx_CommutCallback
 .text.HAL_TIMEx_BreakCallback
                0x0000000008029708       0x14 ./Drivers/STM32L4xx_HAL_Driver/Src/stm32l4xx_hal_tim_ex.o
                0x0000000008029708                HAL_TIMEx_BreakCallback
 .text.HAL_TIMEx_Break2Callback
                0x000000000802971c       0x14 ./Drivers/STM32L4xx_HAL_Driver/Src/stm32l4xx_hal_tim_ex.o
                0x000000000802971c                HAL_TIMEx_Break2Callback
 .text.HAL_UART_Init
                0x0000000008029730       0xa0 ./Drivers/STM32L4xx_HAL_Driver/Src/stm32l4xx_hal_uart.o
                0x0000000008029730                HAL_UART_Init
 .text.UART_SetConfig
                0x00000000080297d0      0x5f8 ./Drivers/STM32L4xx_HAL_Driver/Src/stm32l4xx_hal_uart.o
                0x00000000080297d0                UART_SetConfig
 .text.UART_AdvFeatureConfig
                0x0000000008029dc8      0x144 ./Drivers/STM32L4xx_HAL_Driver/Src/stm32l4xx_hal_uart.o
                0x0000000008029dc8                UART_AdvFeatureConfig
 .text.UART_CheckIdleState
                0x0000000008029f0c       0x96 ./Drivers/STM32L4xx_HAL_Driver/Src/stm32l4xx_hal_uart.o
                0x0000000008029f0c                UART_CheckIdleState
 .text.UART_WaitOnFlagUntilTimeout
                0x0000000008029fa2      0x190 ./Drivers/STM32L4xx_HAL_Driver/Src/stm32l4xx_hal_uart.o
                0x0000000008029fa2                UART_WaitOnFlagUntilTimeout
 .text.HAL_UARTEx_DisableFifoMode
                0x000000000802a132       0x72 ./Drivers/STM32L4xx_HAL_Driver/Src/stm32l4xx_hal_uart_ex.o
                0x000000000802a132                HAL_UARTEx_DisableFifoMode
 .text.HAL_UARTEx_SetTxFifoThreshold
                0x000000000802a1a4       0x7c ./Drivers/STM32L4xx_HAL_Driver/Src/stm32l4xx_hal_uart_ex.o
                0x000000000802a1a4                HAL_UARTEx_SetTxFifoThreshold
 .text.HAL_UARTEx_SetRxFifoThreshold
                0x000000000802a220       0x7c ./Drivers/STM32L4xx_HAL_Driver/Src/stm32l4xx_hal_uart_ex.o
                0x000000000802a220                HAL_UARTEx_SetRxFifoThreshold
 .text.UARTEx_SetNbDataToProcess
                0x000000000802a29c       0x9c ./Drivers/STM32L4xx_HAL_Driver/Src/stm32l4xx_hal_uart_ex.o
 .text.ssd1306_Reset
                0x000000000802a338        0xe ./Drivers/ssd1306/ssd1306.o
                0x000000000802a338                ssd1306_Reset
 *fill*         0x000000000802a346        0x2 
 .text.ssd1306_WriteCommand
                0x000000000802a348       0x30 ./Drivers/ssd1306/ssd1306.o
                0x000000000802a348                ssd1306_WriteCommand
 .text.ssd1306_WriteData
                0x000000000802a378       0x34 ./Drivers/ssd1306/ssd1306.o
                0x000000000802a378                ssd1306_WriteData
 .text.ssd1306_Init
                0x000000000802a3ac       0xd4 ./Drivers/ssd1306/ssd1306.o
                0x000000000802a3ac                ssd1306_Init
 .text.ssd1306_Fill
                0x000000000802a480       0x48 ./Drivers/ssd1306/ssd1306.o
                0x000000000802a480                ssd1306_Fill
 .text.ssd1306_UpdateScreen
                0x000000000802a4c8       0x50 ./Drivers/ssd1306/ssd1306.o
                0x000000000802a4c8                ssd1306_UpdateScreen
 .text.ssd1306_DrawPixel
                0x000000000802a518       0xa8 ./Drivers/ssd1306/ssd1306.o
                0x000000000802a518                ssd1306_DrawPixel
 .text.ssd1306_WriteChar
                0x000000000802a5c0      0x110 ./Drivers/ssd1306/ssd1306.o
                0x000000000802a5c0                ssd1306_WriteChar
 .text.ssd1306_WriteString
                0x000000000802a6d0       0x4c ./Drivers/ssd1306/ssd1306.o
                0x000000000802a6d0                ssd1306_WriteString
 .text.ssd1306_SetCursor
                0x000000000802a71c       0x30 ./Drivers/ssd1306/ssd1306.o
                0x000000000802a71c                ssd1306_SetCursor
 .text.ssd1306_DrawCircle
                0x000000000802a74c      0x10e ./Drivers/ssd1306/ssd1306.o
                0x000000000802a74c                ssd1306_DrawCircle
 .text.ssd1306_SetContrast
                0x000000000802a85a       0x26 ./Drivers/ssd1306/ssd1306.o
                0x000000000802a85a                ssd1306_SetContrast
 .text.ssd1306_SetDisplayOn
                0x000000000802a880       0x3c ./Drivers/ssd1306/ssd1306.o
                0x000000000802a880                ssd1306_SetDisplayOn
 .text.arm_sin_f32
                0x000000000802a8bc       0x8c /Users/mariobouzakhm/STM32CubeIDE/workspace_1.9.0/ECSE444-Clari/Core/lib/libarm_cortexM4lf_math.a(arm_sin_f32.o)
                0x000000000802a8bc                arm_sin_f32
 .text.__errno  0x000000000802a948        0xc /Users/mariobouzakhm/Desktop/Programming/STM32CubeIDE.app/Contents/Eclipse/plugins/com.st.stm32cube.ide.mcu.externaltools.gnu-tools-for-stm32.10.3-2021.10.macos64_1.0.200.202301161003/tools/bin/../lib/gcc/arm-none-eabi/10.3.1/../../../../arm-none-eabi/lib/thumb/v7e-m+fp/hard/libc_nano.a(lib_a-errno.o)
                0x000000000802a948                __errno
 .text.__libc_init_array
                0x000000000802a954       0x48 /Users/mariobouzakhm/Desktop/Programming/STM32CubeIDE.app/Contents/Eclipse/plugins/com.st.stm32cube.ide.mcu.externaltools.gnu-tools-for-stm32.10.3-2021.10.macos64_1.0.200.202301161003/tools/bin/../lib/gcc/arm-none-eabi/10.3.1/../../../../arm-none-eabi/lib/thumb/v7e-m+fp/hard/libc_nano.a(lib_a-init.o)
                0x000000000802a954                __libc_init_array
 .text.memcpy   0x000000000802a99c       0x1c /Users/mariobouzakhm/Desktop/Programming/STM32CubeIDE.app/Contents/Eclipse/plugins/com.st.stm32cube.ide.mcu.externaltools.gnu-tools-for-stm32.10.3-2021.10.macos64_1.0.200.202301161003/tools/bin/../lib/gcc/arm-none-eabi/10.3.1/../../../../arm-none-eabi/lib/thumb/v7e-m+fp/hard/libc_nano.a(lib_a-memcpy-stub.o)
                0x000000000802a99c                memcpy
 .text.memmove  0x000000000802a9b8       0x34 /Users/mariobouzakhm/Desktop/Programming/STM32CubeIDE.app/Contents/Eclipse/plugins/com.st.stm32cube.ide.mcu.externaltools.gnu-tools-for-stm32.10.3-2021.10.macos64_1.0.200.202301161003/tools/bin/../lib/gcc/arm-none-eabi/10.3.1/../../../../arm-none-eabi/lib/thumb/v7e-m+fp/hard/libc_nano.a(lib_a-memmove.o)
                0x000000000802a9b8                memmove
 .text.memset   0x000000000802a9ec       0x10 /Users/mariobouzakhm/Desktop/Programming/STM32CubeIDE.app/Contents/Eclipse/plugins/com.st.stm32cube.ide.mcu.externaltools.gnu-tools-for-stm32.10.3-2021.10.macos64_1.0.200.202301161003/tools/bin/../lib/gcc/arm-none-eabi/10.3.1/../../../../arm-none-eabi/lib/thumb/v7e-m+fp/hard/libc_nano.a(lib_a-memset.o)
                0x000000000802a9ec                memset
 .text.srand    0x000000000802a9fc       0x5c /Users/mariobouzakhm/Desktop/Programming/STM32CubeIDE.app/Contents/Eclipse/plugins/com.st.stm32cube.ide.mcu.externaltools.gnu-tools-for-stm32.10.3-2021.10.macos64_1.0.200.202301161003/tools/bin/../lib/gcc/arm-none-eabi/10.3.1/../../../../arm-none-eabi/lib/thumb/v7e-m+fp/hard/libc_nano.a(lib_a-rand.o)
                0x000000000802a9fc                srand
 .text.rand     0x000000000802aa58       0x7c /Users/mariobouzakhm/Desktop/Programming/STM32CubeIDE.app/Contents/Eclipse/plugins/com.st.stm32cube.ide.mcu.externaltools.gnu-tools-for-stm32.10.3-2021.10.macos64_1.0.200.202301161003/tools/bin/../lib/gcc/arm-none-eabi/10.3.1/../../../../arm-none-eabi/lib/thumb/v7e-m+fp/hard/libc_nano.a(lib_a-rand.o)
                0x000000000802aa58                rand
 .text.sprintf  0x000000000802aad4       0x40 /Users/mariobouzakhm/Desktop/Programming/STM32CubeIDE.app/Contents/Eclipse/plugins/com.st.stm32cube.ide.mcu.externaltools.gnu-tools-for-stm32.10.3-2021.10.macos64_1.0.200.202301161003/tools/bin/../lib/gcc/arm-none-eabi/10.3.1/../../../../arm-none-eabi/lib/thumb/v7e-m+fp/hard/libc_nano.a(lib_a-sprintf.o)
                0x000000000802aad4                sprintf
                0x000000000802aad4                siprintf
 .text.time     0x000000000802ab14       0x34 /Users/mariobouzakhm/Desktop/Programming/STM32CubeIDE.app/Contents/Eclipse/plugins/com.st.stm32cube.ide.mcu.externaltools.gnu-tools-for-stm32.10.3-2021.10.macos64_1.0.200.202301161003/tools/bin/../lib/gcc/arm-none-eabi/10.3.1/../../../../arm-none-eabi/lib/thumb/v7e-m+fp/hard/libc_nano.a(lib_a-time.o)
                0x000000000802ab14                time
 .text.__assert_func
                0x000000000802ab48       0x3c /Users/mariobouzakhm/Desktop/Programming/STM32CubeIDE.app/Contents/Eclipse/plugins/com.st.stm32cube.ide.mcu.externaltools.gnu-tools-for-stm32.10.3-2021.10.macos64_1.0.200.202301161003/tools/bin/../lib/gcc/arm-none-eabi/10.3.1/../../../../arm-none-eabi/lib/thumb/v7e-m+fp/hard/libc_nano.a(lib_a-assert.o)
                0x000000000802ab48                __assert_func
 .text.fprintf  0x000000000802ab84       0x24 /Users/mariobouzakhm/Desktop/Programming/STM32CubeIDE.app/Contents/Eclipse/plugins/com.st.stm32cube.ide.mcu.externaltools.gnu-tools-for-stm32.10.3-2021.10.macos64_1.0.200.202301161003/tools/bin/../lib/gcc/arm-none-eabi/10.3.1/../../../../arm-none-eabi/lib/thumb/v7e-m+fp/hard/libc_nano.a(lib_a-fprintf.o)
                0x000000000802ab84                fprintf
                0x000000000802ab84                fiprintf
 .text._gettimeofday_r
                0x000000000802aba8       0x24 /Users/mariobouzakhm/Desktop/Programming/STM32CubeIDE.app/Contents/Eclipse/plugins/com.st.stm32cube.ide.mcu.externaltools.gnu-tools-for-stm32.10.3-2021.10.macos64_1.0.200.202301161003/tools/bin/../lib/gcc/arm-none-eabi/10.3.1/../../../../arm-none-eabi/lib/thumb/v7e-m+fp/hard/libc_nano.a(lib_a-gettimeofdayr.o)
                0x000000000802aba8                _gettimeofday_r
 .text.malloc   0x000000000802abcc       0x10 /Users/mariobouzakhm/Desktop/Programming/STM32CubeIDE.app/Contents/Eclipse/plugins/com.st.stm32cube.ide.mcu.externaltools.gnu-tools-for-stm32.10.3-2021.10.macos64_1.0.200.202301161003/tools/bin/../lib/gcc/arm-none-eabi/10.3.1/../../../../arm-none-eabi/lib/thumb/v7e-m+fp/hard/libc_nano.a(lib_a-malloc.o)
                0x000000000802abcc                malloc
 .text._free_r  0x000000000802abdc       0x98 /Users/mariobouzakhm/Desktop/Programming/STM32CubeIDE.app/Contents/Eclipse/plugins/com.st.stm32cube.ide.mcu.externaltools.gnu-tools-for-stm32.10.3-2021.10.macos64_1.0.200.202301161003/tools/bin/../lib/gcc/arm-none-eabi/10.3.1/../../../../arm-none-eabi/lib/thumb/v7e-m+fp/hard/libc_nano.a(lib_a-nano-freer.o)
                0x000000000802abdc                _free_r
 .text.sbrk_aligned
                0x000000000802ac74       0x40 /Users/mariobouzakhm/Desktop/Programming/STM32CubeIDE.app/Contents/Eclipse/plugins/com.st.stm32cube.ide.mcu.externaltools.gnu-tools-for-stm32.10.3-2021.10.macos64_1.0.200.202301161003/tools/bin/../lib/gcc/arm-none-eabi/10.3.1/../../../../arm-none-eabi/lib/thumb/v7e-m+fp/hard/libc_nano.a(lib_a-nano-mallocr.o)
 .text._malloc_r
                0x000000000802acb4       0xe8 /Users/mariobouzakhm/Desktop/Programming/STM32CubeIDE.app/Contents/Eclipse/plugins/com.st.stm32cube.ide.mcu.externaltools.gnu-tools-for-stm32.10.3-2021.10.macos64_1.0.200.202301161003/tools/bin/../lib/gcc/arm-none-eabi/10.3.1/../../../../arm-none-eabi/lib/thumb/v7e-m+fp/hard/libc_nano.a(lib_a-nano-mallocr.o)
                0x000000000802acb4                _malloc_r
 .text.__ssputs_r
                0x000000000802ad9c       0xb6 /Users/mariobouzakhm/Desktop/Programming/STM32CubeIDE.app/Contents/Eclipse/plugins/com.st.stm32cube.ide.mcu.externaltools.gnu-tools-for-stm32.10.3-2021.10.macos64_1.0.200.202301161003/tools/bin/../lib/gcc/arm-none-eabi/10.3.1/../../../../arm-none-eabi/lib/thumb/v7e-m+fp/hard/libc_nano.a(lib_a-nano-svfprintf.o)
                0x000000000802ad9c                __ssputs_r
 *fill*         0x000000000802ae52        0x2 
 .text._svfprintf_r
                0x000000000802ae54      0x200 /Users/mariobouzakhm/Desktop/Programming/STM32CubeIDE.app/Contents/Eclipse/plugins/com.st.stm32cube.ide.mcu.externaltools.gnu-tools-for-stm32.10.3-2021.10.macos64_1.0.200.202301161003/tools/bin/../lib/gcc/arm-none-eabi/10.3.1/../../../../arm-none-eabi/lib/thumb/v7e-m+fp/hard/libc_nano.a(lib_a-nano-svfprintf.o)
                0x000000000802ae54                _svfprintf_r
                0x000000000802ae54                _svfiprintf_r
 .text.__sfputc_r
                0x000000000802b054       0x2e /Users/mariobouzakhm/Desktop/Programming/STM32CubeIDE.app/Contents/Eclipse/plugins/com.st.stm32cube.ide.mcu.externaltools.gnu-tools-for-stm32.10.3-2021.10.macos64_1.0.200.202301161003/tools/bin/../lib/gcc/arm-none-eabi/10.3.1/../../../../arm-none-eabi/lib/thumb/v7e-m+fp/hard/libc_nano.a(lib_a-nano-vfprintf.o)
 .text.__sfputs_r
                0x000000000802b082       0x24 /Users/mariobouzakhm/Desktop/Programming/STM32CubeIDE.app/Contents/Eclipse/plugins/com.st.stm32cube.ide.mcu.externaltools.gnu-tools-for-stm32.10.3-2021.10.macos64_1.0.200.202301161003/tools/bin/../lib/gcc/arm-none-eabi/10.3.1/../../../../arm-none-eabi/lib/thumb/v7e-m+fp/hard/libc_nano.a(lib_a-nano-vfprintf.o)
                0x000000000802b082                __sfputs_r
 *fill*         0x000000000802b0a6        0x2 
 .text._vfprintf_r
                0x000000000802b0a8      0x260 /Users/mariobouzakhm/Desktop/Programming/STM32CubeIDE.app/Contents/Eclipse/plugins/com.st.stm32cube.ide.mcu.externaltools.gnu-tools-for-stm32.10.3-2021.10.macos64_1.0.200.202301161003/tools/bin/../lib/gcc/arm-none-eabi/10.3.1/../../../../arm-none-eabi/lib/thumb/v7e-m+fp/hard/libc_nano.a(lib_a-nano-vfprintf.o)
                0x000000000802b0a8                _vfiprintf_r
                0x000000000802b0a8                _vfprintf_r
 .text._printf_common
                0x000000000802b308       0xda /Users/mariobouzakhm/Desktop/Programming/STM32CubeIDE.app/Contents/Eclipse/plugins/com.st.stm32cube.ide.mcu.externaltools.gnu-tools-for-stm32.10.3-2021.10.macos64_1.0.200.202301161003/tools/bin/../lib/gcc/arm-none-eabi/10.3.1/../../../../arm-none-eabi/lib/thumb/v7e-m+fp/hard/libc_nano.a(lib_a-nano-vfprintf_i.o)
                0x000000000802b308                _printf_common
 *fill*         0x000000000802b3e2        0x2 
 .text._printf_i
                0x000000000802b3e4      0x24c /Users/mariobouzakhm/Desktop/Programming/STM32CubeIDE.app/Contents/Eclipse/plugins/com.st.stm32cube.ide.mcu.externaltools.gnu-tools-for-stm32.10.3-2021.10.macos64_1.0.200.202301161003/tools/bin/../lib/gcc/arm-none-eabi/10.3.1/../../../../arm-none-eabi/lib/thumb/v7e-m+fp/hard/libc_nano.a(lib_a-nano-vfprintf_i.o)
                0x000000000802b3e4                _printf_i
 .text._sbrk_r  0x000000000802b630       0x20 /Users/mariobouzakhm/Desktop/Programming/STM32CubeIDE.app/Contents/Eclipse/plugins/com.st.stm32cube.ide.mcu.externaltools.gnu-tools-for-stm32.10.3-2021.10.macos64_1.0.200.202301161003/tools/bin/../lib/gcc/arm-none-eabi/10.3.1/../../../../arm-none-eabi/lib/thumb/v7e-m+fp/hard/libc_nano.a(lib_a-sbrkr.o)
                0x000000000802b630                _sbrk_r
 .text.__swbuf_r
                0x000000000802b650       0xa4 /Users/mariobouzakhm/Desktop/Programming/STM32CubeIDE.app/Contents/Eclipse/plugins/com.st.stm32cube.ide.mcu.externaltools.gnu-tools-for-stm32.10.3-2021.10.macos64_1.0.200.202301161003/tools/bin/../lib/gcc/arm-none-eabi/10.3.1/../../../../arm-none-eabi/lib/thumb/v7e-m+fp/hard/libc_nano.a(lib_a-wbuf.o)
                0x000000000802b650                __swbuf_r
 .text.__swsetup_r
                0x000000000802b6f4       0xdc /Users/mariobouzakhm/Desktop/Programming/STM32CubeIDE.app/Contents/Eclipse/plugins/com.st.stm32cube.ide.mcu.externaltools.gnu-tools-for-stm32.10.3-2021.10.macos64_1.0.200.202301161003/tools/bin/../lib/gcc/arm-none-eabi/10.3.1/../../../../arm-none-eabi/lib/thumb/v7e-m+fp/hard/libc_nano.a(lib_a-wsetup.o)
                0x000000000802b6f4                __swsetup_r
 .text.abort    0x000000000802b7d0        0xe /Users/mariobouzakhm/Desktop/Programming/STM32CubeIDE.app/Contents/Eclipse/plugins/com.st.stm32cube.ide.mcu.externaltools.gnu-tools-for-stm32.10.3-2021.10.macos64_1.0.200.202301161003/tools/bin/../lib/gcc/arm-none-eabi/10.3.1/../../../../arm-none-eabi/lib/thumb/v7e-m+fp/hard/libc_nano.a(lib_a-abort.o)
                0x000000000802b7d0                abort
 *fill*         0x000000000802b7de        0x2 
 .text.__sflush_r
                0x000000000802b7e0      0x10c /Users/mariobouzakhm/Desktop/Programming/STM32CubeIDE.app/Contents/Eclipse/plugins/com.st.stm32cube.ide.mcu.externaltools.gnu-tools-for-stm32.10.3-2021.10.macos64_1.0.200.202301161003/tools/bin/../lib/gcc/arm-none-eabi/10.3.1/../../../../arm-none-eabi/lib/thumb/v7e-m+fp/hard/libc_nano.a(lib_a-fflush.o)
                0x000000000802b7e0                __sflush_r
 .text._fflush_r
                0x000000000802b8ec       0x78 /Users/mariobouzakhm/Desktop/Programming/STM32CubeIDE.app/Contents/Eclipse/plugins/com.st.stm32cube.ide.mcu.externaltools.gnu-tools-for-stm32.10.3-2021.10.macos64_1.0.200.202301161003/tools/bin/../lib/gcc/arm-none-eabi/10.3.1/../../../../arm-none-eabi/lib/thumb/v7e-m+fp/hard/libc_nano.a(lib_a-fflush.o)
                0x000000000802b8ec                _fflush_r
 .text.std      0x000000000802b964       0x48 /Users/mariobouzakhm/Desktop/Programming/STM32CubeIDE.app/Contents/Eclipse/plugins/com.st.stm32cube.ide.mcu.externaltools.gnu-tools-for-stm32.10.3-2021.10.macos64_1.0.200.202301161003/tools/bin/../lib/gcc/arm-none-eabi/10.3.1/../../../../arm-none-eabi/lib/thumb/v7e-m+fp/hard/libc_nano.a(lib_a-findfp.o)
 .text._cleanup_r
                0x000000000802b9ac        0xc /Users/mariobouzakhm/Desktop/Programming/STM32CubeIDE.app/Contents/Eclipse/plugins/com.st.stm32cube.ide.mcu.externaltools.gnu-tools-for-stm32.10.3-2021.10.macos64_1.0.200.202301161003/tools/bin/../lib/gcc/arm-none-eabi/10.3.1/../../../../arm-none-eabi/lib/thumb/v7e-m+fp/hard/libc_nano.a(lib_a-findfp.o)
                0x000000000802b9ac                _cleanup_r
 .text.__sfmoreglue
                0x000000000802b9b8       0x2c /Users/mariobouzakhm/Desktop/Programming/STM32CubeIDE.app/Contents/Eclipse/plugins/com.st.stm32cube.ide.mcu.externaltools.gnu-tools-for-stm32.10.3-2021.10.macos64_1.0.200.202301161003/tools/bin/../lib/gcc/arm-none-eabi/10.3.1/../../../../arm-none-eabi/lib/thumb/v7e-m+fp/hard/libc_nano.a(lib_a-findfp.o)
                0x000000000802b9b8                __sfmoreglue
 .text.__sfp_lock_acquire
                0x000000000802b9e4        0xc /Users/mariobouzakhm/Desktop/Programming/STM32CubeIDE.app/Contents/Eclipse/plugins/com.st.stm32cube.ide.mcu.externaltools.gnu-tools-for-stm32.10.3-2021.10.macos64_1.0.200.202301161003/tools/bin/../lib/gcc/arm-none-eabi/10.3.1/../../../../arm-none-eabi/lib/thumb/v7e-m+fp/hard/libc_nano.a(lib_a-findfp.o)
                0x000000000802b9e4                __sfp_lock_acquire
 .text.__sfp_lock_release
                0x000000000802b9f0        0xc /Users/mariobouzakhm/Desktop/Programming/STM32CubeIDE.app/Contents/Eclipse/plugins/com.st.stm32cube.ide.mcu.externaltools.gnu-tools-for-stm32.10.3-2021.10.macos64_1.0.200.202301161003/tools/bin/../lib/gcc/arm-none-eabi/10.3.1/../../../../arm-none-eabi/lib/thumb/v7e-m+fp/hard/libc_nano.a(lib_a-findfp.o)
                0x000000000802b9f0                __sfp_lock_release
 .text.__sinit_lock_acquire
                0x000000000802b9fc        0xc /Users/mariobouzakhm/Desktop/Programming/STM32CubeIDE.app/Contents/Eclipse/plugins/com.st.stm32cube.ide.mcu.externaltools.gnu-tools-for-stm32.10.3-2021.10.macos64_1.0.200.202301161003/tools/bin/../lib/gcc/arm-none-eabi/10.3.1/../../../../arm-none-eabi/lib/thumb/v7e-m+fp/hard/libc_nano.a(lib_a-findfp.o)
                0x000000000802b9fc                __sinit_lock_acquire
 .text.__sinit_lock_release
                0x000000000802ba08        0xc /Users/mariobouzakhm/Desktop/Programming/STM32CubeIDE.app/Contents/Eclipse/plugins/com.st.stm32cube.ide.mcu.externaltools.gnu-tools-for-stm32.10.3-2021.10.macos64_1.0.200.202301161003/tools/bin/../lib/gcc/arm-none-eabi/10.3.1/../../../../arm-none-eabi/lib/thumb/v7e-m+fp/hard/libc_nano.a(lib_a-findfp.o)
                0x000000000802ba08                __sinit_lock_release
 .text.__sinit  0x000000000802ba14       0x70 /Users/mariobouzakhm/Desktop/Programming/STM32CubeIDE.app/Contents/Eclipse/plugins/com.st.stm32cube.ide.mcu.externaltools.gnu-tools-for-stm32.10.3-2021.10.macos64_1.0.200.202301161003/tools/bin/../lib/gcc/arm-none-eabi/10.3.1/../../../../arm-none-eabi/lib/thumb/v7e-m+fp/hard/libc_nano.a(lib_a-findfp.o)
                0x000000000802ba14                __sinit
 .text.__sfp    0x000000000802ba84       0x8c /Users/mariobouzakhm/Desktop/Programming/STM32CubeIDE.app/Contents/Eclipse/plugins/com.st.stm32cube.ide.mcu.externaltools.gnu-tools-for-stm32.10.3-2021.10.macos64_1.0.200.202301161003/tools/bin/../lib/gcc/arm-none-eabi/10.3.1/../../../../arm-none-eabi/lib/thumb/v7e-m+fp/hard/libc_nano.a(lib_a-findfp.o)
                0x000000000802ba84                __sfp
 .text._fwalk_reent
                0x000000000802bb10       0x3e /Users/mariobouzakhm/Desktop/Programming/STM32CubeIDE.app/Contents/Eclipse/plugins/com.st.stm32cube.ide.mcu.externaltools.gnu-tools-for-stm32.10.3-2021.10.macos64_1.0.200.202301161003/tools/bin/../lib/gcc/arm-none-eabi/10.3.1/../../../../arm-none-eabi/lib/thumb/v7e-m+fp/hard/libc_nano.a(lib_a-fwalk.o)
                0x000000000802bb10                _fwalk_reent
 .text.__retarget_lock_init_recursive
                0x000000000802bb4e        0x2 /Users/mariobouzakhm/Desktop/Programming/STM32CubeIDE.app/Contents/Eclipse/plugins/com.st.stm32cube.ide.mcu.externaltools.gnu-tools-for-stm32.10.3-2021.10.macos64_1.0.200.202301161003/tools/bin/../lib/gcc/arm-none-eabi/10.3.1/../../../../arm-none-eabi/lib/thumb/v7e-m+fp/hard/libc_nano.a(lib_a-lock.o)
                0x000000000802bb4e                __retarget_lock_init_recursive
 .text.__retarget_lock_acquire_recursive
                0x000000000802bb50        0x2 /Users/mariobouzakhm/Desktop/Programming/STM32CubeIDE.app/Contents/Eclipse/plugins/com.st.stm32cube.ide.mcu.externaltools.gnu-tools-for-stm32.10.3-2021.10.macos64_1.0.200.202301161003/tools/bin/../lib/gcc/arm-none-eabi/10.3.1/../../../../arm-none-eabi/lib/thumb/v7e-m+fp/hard/libc_nano.a(lib_a-lock.o)
                0x000000000802bb50                __retarget_lock_acquire_recursive
 .text.__retarget_lock_release_recursive
                0x000000000802bb52        0x2 /Users/mariobouzakhm/Desktop/Programming/STM32CubeIDE.app/Contents/Eclipse/plugins/com.st.stm32cube.ide.mcu.externaltools.gnu-tools-for-stm32.10.3-2021.10.macos64_1.0.200.202301161003/tools/bin/../lib/gcc/arm-none-eabi/10.3.1/../../../../arm-none-eabi/lib/thumb/v7e-m+fp/hard/libc_nano.a(lib_a-lock.o)
                0x000000000802bb52                __retarget_lock_release_recursive
 .text.__swhatbuf_r
                0x000000000802bb54       0x4a /Users/mariobouzakhm/Desktop/Programming/STM32CubeIDE.app/Contents/Eclipse/plugins/com.st.stm32cube.ide.mcu.externaltools.gnu-tools-for-stm32.10.3-2021.10.macos64_1.0.200.202301161003/tools/bin/../lib/gcc/arm-none-eabi/10.3.1/../../../../arm-none-eabi/lib/thumb/v7e-m+fp/hard/libc_nano.a(lib_a-makebuf.o)
                0x000000000802bb54                __swhatbuf_r
 *fill*         0x000000000802bb9e        0x2 
 .text.__smakebuf_r
                0x000000000802bba0       0x80 /Users/mariobouzakhm/Desktop/Programming/STM32CubeIDE.app/Contents/Eclipse/plugins/com.st.stm32cube.ide.mcu.externaltools.gnu-tools-for-stm32.10.3-2021.10.macos64_1.0.200.202301161003/tools/bin/../lib/gcc/arm-none-eabi/10.3.1/../../../../arm-none-eabi/lib/thumb/v7e-m+fp/hard/libc_nano.a(lib_a-makebuf.o)
                0x000000000802bba0                __smakebuf_r
 .text.__malloc_lock
                0x000000000802bc20        0xc /Users/mariobouzakhm/Desktop/Programming/STM32CubeIDE.app/Contents/Eclipse/plugins/com.st.stm32cube.ide.mcu.externaltools.gnu-tools-for-stm32.10.3-2021.10.macos64_1.0.200.202301161003/tools/bin/../lib/gcc/arm-none-eabi/10.3.1/../../../../arm-none-eabi/lib/thumb/v7e-m+fp/hard/libc_nano.a(lib_a-mlock.o)
                0x000000000802bc20                __malloc_lock
 .text.__malloc_unlock
                0x000000000802bc2c        0xc /Users/mariobouzakhm/Desktop/Programming/STM32CubeIDE.app/Contents/Eclipse/plugins/com.st.stm32cube.ide.mcu.externaltools.gnu-tools-for-stm32.10.3-2021.10.macos64_1.0.200.202301161003/tools/bin/../lib/gcc/arm-none-eabi/10.3.1/../../../../arm-none-eabi/lib/thumb/v7e-m+fp/hard/libc_nano.a(lib_a-mlock.o)
                0x000000000802bc2c                __malloc_unlock
 .text._realloc_r
                0x000000000802bc38       0x5e /Users/mariobouzakhm/Desktop/Programming/STM32CubeIDE.app/Contents/Eclipse/plugins/com.st.stm32cube.ide.mcu.externaltools.gnu-tools-for-stm32.10.3-2021.10.macos64_1.0.200.202301161003/tools/bin/../lib/gcc/arm-none-eabi/10.3.1/../../../../arm-none-eabi/lib/thumb/v7e-m+fp/hard/libc_nano.a(lib_a-nano-reallocr.o)
                0x000000000802bc38                _realloc_r
 .text._raise_r
                0x000000000802bc96       0x50 /Users/mariobouzakhm/Desktop/Programming/STM32CubeIDE.app/Contents/Eclipse/plugins/com.st.stm32cube.ide.mcu.externaltools.gnu-tools-for-stm32.10.3-2021.10.macos64_1.0.200.202301161003/tools/bin/../lib/gcc/arm-none-eabi/10.3.1/../../../../arm-none-eabi/lib/thumb/v7e-m+fp/hard/libc_nano.a(lib_a-signal.o)
                0x000000000802bc96                _raise_r
 *fill*         0x000000000802bce6        0x2 
 .text.raise    0x000000000802bce8       0x10 /Users/mariobouzakhm/Desktop/Programming/STM32CubeIDE.app/Contents/Eclipse/plugins/com.st.stm32cube.ide.mcu.externaltools.gnu-tools-for-stm32.10.3-2021.10.macos64_1.0.200.202301161003/tools/bin/../lib/gcc/arm-none-eabi/10.3.1/../../../../arm-none-eabi/lib/thumb/v7e-m+fp/hard/libc_nano.a(lib_a-signal.o)
                0x000000000802bce8                raise
 .text._kill_r  0x000000000802bcf8       0x24 /Users/mariobouzakhm/Desktop/Programming/STM32CubeIDE.app/Contents/Eclipse/plugins/com.st.stm32cube.ide.mcu.externaltools.gnu-tools-for-stm32.10.3-2021.10.macos64_1.0.200.202301161003/tools/bin/../lib/gcc/arm-none-eabi/10.3.1/../../../../arm-none-eabi/lib/thumb/v7e-m+fp/hard/libc_nano.a(lib_a-signalr.o)
                0x000000000802bcf8                _kill_r
 .text._getpid_r
                0x000000000802bd1c        0x4 /Users/mariobouzakhm/Desktop/Programming/STM32CubeIDE.app/Contents/Eclipse/plugins/com.st.stm32cube.ide.mcu.externaltools.gnu-tools-for-stm32.10.3-2021.10.macos64_1.0.200.202301161003/tools/bin/../lib/gcc/arm-none-eabi/10.3.1/../../../../arm-none-eabi/lib/thumb/v7e-m+fp/hard/libc_nano.a(lib_a-signalr.o)
                0x000000000802bd1c                _getpid_r
 .text.__sread  0x000000000802bd20       0x22 /Users/mariobouzakhm/Desktop/Programming/STM32CubeIDE.app/Contents/Eclipse/plugins/com.st.stm32cube.ide.mcu.externaltools.gnu-tools-for-stm32.10.3-2021.10.macos64_1.0.200.202301161003/tools/bin/../lib/gcc/arm-none-eabi/10.3.1/../../../../arm-none-eabi/lib/thumb/v7e-m+fp/hard/libc_nano.a(lib_a-stdio.o)
                0x000000000802bd20                __sread
 .text.__swrite
                0x000000000802bd42       0x38 /Users/mariobouzakhm/Desktop/Programming/STM32CubeIDE.app/Contents/Eclipse/plugins/com.st.stm32cube.ide.mcu.externaltools.gnu-tools-for-stm32.10.3-2021.10.macos64_1.0.200.202301161003/tools/bin/../lib/gcc/arm-none-eabi/10.3.1/../../../../arm-none-eabi/lib/thumb/v7e-m+fp/hard/libc_nano.a(lib_a-stdio.o)
                0x000000000802bd42                __swrite
 .text.__sseek  0x000000000802bd7a       0x24 /Users/mariobouzakhm/Desktop/Programming/STM32CubeIDE.app/Contents/Eclipse/plugins/com.st.stm32cube.ide.mcu.externaltools.gnu-tools-for-stm32.10.3-2021.10.macos64_1.0.200.202301161003/tools/bin/../lib/gcc/arm-none-eabi/10.3.1/../../../../arm-none-eabi/lib/thumb/v7e-m+fp/hard/libc_nano.a(lib_a-stdio.o)
                0x000000000802bd7a                __sseek
 .text.__sclose
                0x000000000802bd9e        0x8 /Users/mariobouzakhm/Desktop/Programming/STM32CubeIDE.app/Contents/Eclipse/plugins/com.st.stm32cube.ide.mcu.externaltools.gnu-tools-for-stm32.10.3-2021.10.macos64_1.0.200.202301161003/tools/bin/../lib/gcc/arm-none-eabi/10.3.1/../../../../arm-none-eabi/lib/thumb/v7e-m+fp/hard/libc_nano.a(lib_a-stdio.o)
                0x000000000802bd9e                __sclose
 *fill*         0x000000000802bda6        0x2 
 .text._write_r
                0x000000000802bda8       0x24 /Users/mariobouzakhm/Desktop/Programming/STM32CubeIDE.app/Contents/Eclipse/plugins/com.st.stm32cube.ide.mcu.externaltools.gnu-tools-for-stm32.10.3-2021.10.macos64_1.0.200.202301161003/tools/bin/../lib/gcc/arm-none-eabi/10.3.1/../../../../arm-none-eabi/lib/thumb/v7e-m+fp/hard/libc_nano.a(lib_a-writer.o)
                0x000000000802bda8                _write_r
 .text._close_r
                0x000000000802bdcc       0x20 /Users/mariobouzakhm/Desktop/Programming/STM32CubeIDE.app/Contents/Eclipse/plugins/com.st.stm32cube.ide.mcu.externaltools.gnu-tools-for-stm32.10.3-2021.10.macos64_1.0.200.202301161003/tools/bin/../lib/gcc/arm-none-eabi/10.3.1/../../../../arm-none-eabi/lib/thumb/v7e-m+fp/hard/libc_nano.a(lib_a-closer.o)
                0x000000000802bdcc                _close_r
 .text._fstat_r
                0x000000000802bdec       0x24 /Users/mariobouzakhm/Desktop/Programming/STM32CubeIDE.app/Contents/Eclipse/plugins/com.st.stm32cube.ide.mcu.externaltools.gnu-tools-for-stm32.10.3-2021.10.macos64_1.0.200.202301161003/tools/bin/../lib/gcc/arm-none-eabi/10.3.1/../../../../arm-none-eabi/lib/thumb/v7e-m+fp/hard/libc_nano.a(lib_a-fstatr.o)
                0x000000000802bdec                _fstat_r
 .text._isatty_r
                0x000000000802be10       0x20 /Users/mariobouzakhm/Desktop/Programming/STM32CubeIDE.app/Contents/Eclipse/plugins/com.st.stm32cube.ide.mcu.externaltools.gnu-tools-for-stm32.10.3-2021.10.macos64_1.0.200.202301161003/tools/bin/../lib/gcc/arm-none-eabi/10.3.1/../../../../arm-none-eabi/lib/thumb/v7e-m+fp/hard/libc_nano.a(lib_a-isattyr.o)
                0x000000000802be10                _isatty_r
 .text._lseek_r
                0x000000000802be30       0x24 /Users/mariobouzakhm/Desktop/Programming/STM32CubeIDE.app/Contents/Eclipse/plugins/com.st.stm32cube.ide.mcu.externaltools.gnu-tools-for-stm32.10.3-2021.10.macos64_1.0.200.202301161003/tools/bin/../lib/gcc/arm-none-eabi/10.3.1/../../../../arm-none-eabi/lib/thumb/v7e-m+fp/hard/libc_nano.a(lib_a-lseekr.o)
                0x000000000802be30                _lseek_r
 .text._malloc_usable_size_r
                0x000000000802be54       0x10 /Users/mariobouzakhm/Desktop/Programming/STM32CubeIDE.app/Contents/Eclipse/plugins/com.st.stm32cube.ide.mcu.externaltools.gnu-tools-for-stm32.10.3-2021.10.macos64_1.0.200.202301161003/tools/bin/../lib/gcc/arm-none-eabi/10.3.1/../../../../arm-none-eabi/lib/thumb/v7e-m+fp/hard/libc_nano.a(lib_a-nano-msizer.o)
                0x000000000802be54                _malloc_usable_size_r
 .text._read_r  0x000000000802be64       0x24 /Users/mariobouzakhm/Desktop/Programming/STM32CubeIDE.app/Contents/Eclipse/plugins/com.st.stm32cube.ide.mcu.externaltools.gnu-tools-for-stm32.10.3-2021.10.macos64_1.0.200.202301161003/tools/bin/../lib/gcc/arm-none-eabi/10.3.1/../../../../arm-none-eabi/lib/thumb/v7e-m+fp/hard/libc_nano.a(lib_a-readr.o)
                0x000000000802be64                _read_r
 .text.atan2    0x000000000802be88        0x4 /Users/mariobouzakhm/Desktop/Programming/STM32CubeIDE.app/Contents/Eclipse/plugins/com.st.stm32cube.ide.mcu.externaltools.gnu-tools-for-stm32.10.3-2021.10.macos64_1.0.200.202301161003/tools/bin/../lib/gcc/arm-none-eabi/10.3.1/../../../../arm-none-eabi/lib/thumb/v7e-m+fp/hard/libm.a(lib_a-w_atan2.o)
                0x000000000802be88                atan2
 .text.sqrt     0x000000000802be8c       0x58 /Users/mariobouzakhm/Desktop/Programming/STM32CubeIDE.app/Contents/Eclipse/plugins/com.st.stm32cube.ide.mcu.externaltools.gnu-tools-for-stm32.10.3-2021.10.macos64_1.0.200.202301161003/tools/bin/../lib/gcc/arm-none-eabi/10.3.1/../../../../arm-none-eabi/lib/thumb/v7e-m+fp/hard/libm.a(lib_a-w_sqrt.o)
                0x000000000802be8c                sqrt
 *fill*         0x000000000802bee4        0x4 
 .text.__ieee754_atan2
                0x000000000802bee8      0x194 /Users/mariobouzakhm/Desktop/Programming/STM32CubeIDE.app/Contents/Eclipse/plugins/com.st.stm32cube.ide.mcu.externaltools.gnu-tools-for-stm32.10.3-2021.10.macos64_1.0.200.202301161003/tools/bin/../lib/gcc/arm-none-eabi/10.3.1/../../../../arm-none-eabi/lib/thumb/v7e-m+fp/hard/libm.a(lib_a-e_atan2.o)
                0x000000000802bee8                __ieee754_atan2
 .text.__ieee754_sqrt
                0x000000000802c07c      0x164 /Users/mariobouzakhm/Desktop/Programming/STM32CubeIDE.app/Contents/Eclipse/plugins/com.st.stm32cube.ide.mcu.externaltools.gnu-tools-for-stm32.10.3-2021.10.macos64_1.0.200.202301161003/tools/bin/../lib/gcc/arm-none-eabi/10.3.1/../../../../arm-none-eabi/lib/thumb/v7e-m+fp/hard/libm.a(lib_a-e_sqrt.o)
                0x000000000802c07c                __ieee754_sqrt
 .text.atan     0x000000000802c1e0      0x340 /Users/mariobouzakhm/Desktop/Programming/STM32CubeIDE.app/Contents/Eclipse/plugins/com.st.stm32cube.ide.mcu.externaltools.gnu-tools-for-stm32.10.3-2021.10.macos64_1.0.200.202301161003/tools/bin/../lib/gcc/arm-none-eabi/10.3.1/../../../../arm-none-eabi/lib/thumb/v7e-m+fp/hard/libm.a(lib_a-s_atan.o)
                0x000000000802c1e0                atan
 .text.fabs     0x000000000802c520       0x12 /Users/mariobouzakhm/Desktop/Programming/STM32CubeIDE.app/Contents/Eclipse/plugins/com.st.stm32cube.ide.mcu.externaltools.gnu-tools-for-stm32.10.3-2021.10.macos64_1.0.200.202301161003/tools/bin/../lib/gcc/arm-none-eabi/10.3.1/../../../../arm-none-eabi/lib/thumb/v7e-m+fp/hard/libm.a(lib_a-s_fabs.o)
                0x000000000802c520                fabs
 *fill*         0x000000000802c532        0x2 
 .text._gettimeofday
                0x000000000802c534       0x10 /Users/mariobouzakhm/Desktop/Programming/STM32CubeIDE.app/Contents/Eclipse/plugins/com.st.stm32cube.ide.mcu.externaltools.gnu-tools-for-stm32.10.3-2021.10.macos64_1.0.200.202301161003/tools/bin/../lib/gcc/arm-none-eabi/10.3.1/../../../../arm-none-eabi/lib/thumb/v7e-m+fp/hard/libnosys.a(gettod.o)
                0x000000000802c534                _gettimeofday
 *(.glue_7)
 .glue_7        0x000000000802c544        0x0 linker stubs
 *(.glue_7t)
 .glue_7t       0x000000000802c544        0x0 linker stubs
 *(.eh_frame)
 .eh_frame      0x000000000802c544        0x0 /Users/mariobouzakhm/Desktop/Programming/STM32CubeIDE.app/Contents/Eclipse/plugins/com.st.stm32cube.ide.mcu.externaltools.gnu-tools-for-stm32.10.3-2021.10.macos64_1.0.200.202301161003/tools/bin/../lib/gcc/arm-none-eabi/10.3.1/thumb/v7e-m+fp/hard/crtbegin.o
 *(.init)
 .init          0x000000000802c544        0x4 /Users/mariobouzakhm/Desktop/Programming/STM32CubeIDE.app/Contents/Eclipse/plugins/com.st.stm32cube.ide.mcu.externaltools.gnu-tools-for-stm32.10.3-2021.10.macos64_1.0.200.202301161003/tools/bin/../lib/gcc/arm-none-eabi/10.3.1/thumb/v7e-m+fp/hard/crti.o
                0x000000000802c544                _init
 .init          0x000000000802c548        0x8 /Users/mariobouzakhm/Desktop/Programming/STM32CubeIDE.app/Contents/Eclipse/plugins/com.st.stm32cube.ide.mcu.externaltools.gnu-tools-for-stm32.10.3-2021.10.macos64_1.0.200.202301161003/tools/bin/../lib/gcc/arm-none-eabi/10.3.1/thumb/v7e-m+fp/hard/crtn.o
 *(.fini)
 .fini          0x000000000802c550        0x4 /Users/mariobouzakhm/Desktop/Programming/STM32CubeIDE.app/Contents/Eclipse/plugins/com.st.stm32cube.ide.mcu.externaltools.gnu-tools-for-stm32.10.3-2021.10.macos64_1.0.200.202301161003/tools/bin/../lib/gcc/arm-none-eabi/10.3.1/thumb/v7e-m+fp/hard/crti.o
                0x000000000802c550                _fini
 .fini          0x000000000802c554        0x8 /Users/mariobouzakhm/Desktop/Programming/STM32CubeIDE.app/Contents/Eclipse/plugins/com.st.stm32cube.ide.mcu.externaltools.gnu-tools-for-stm32.10.3-2021.10.macos64_1.0.200.202301161003/tools/bin/../lib/gcc/arm-none-eabi/10.3.1/thumb/v7e-m+fp/hard/crtn.o
                0x000000000802c55c                . = ALIGN (0x4)
                0x000000000802c55c                _etext = .

.vfp11_veneer   0x000000000802c55c        0x0
 .vfp11_veneer  0x000000000802c55c        0x0 linker stubs

.v4_bx          0x000000000802c55c        0x0
 .v4_bx         0x000000000802c55c        0x0 linker stubs

.iplt           0x000000000802c55c        0x0
 .iplt          0x000000000802c55c        0x0 /Users/mariobouzakhm/Desktop/Programming/STM32CubeIDE.app/Contents/Eclipse/plugins/com.st.stm32cube.ide.mcu.externaltools.gnu-tools-for-stm32.10.3-2021.10.macos64_1.0.200.202301161003/tools/bin/../lib/gcc/arm-none-eabi/10.3.1/thumb/v7e-m+fp/hard/crtbegin.o

.rodata         0x000000000802c560    0x4bd98
                0x000000000802c560                . = ALIGN (0x4)
 *(.rodata)
 .rodata        0x000000000802c560       0x13 ./Core/Src/ball_kinematics.o
 *fill*         0x000000000802c573        0x1 
 .rodata        0x000000000802c574        0xb ./Core/Src/maze.o
 *(.rodata*)
 *fill*         0x000000000802c57f        0x1 
 .rodata.audio_signal
                0x000000000802c580    0x25000 ./Core/Src/maze.o
                0x000000000802c580                audio_signal
 .rodata.gameover_sig
                0x0000000008051580    0x25000 ./Core/Src/maze.o
                0x0000000008051580                gameover_sig
 .rodata.AHBPrescTable
                0x0000000008076580       0x10 ./Core/Src/system_stm32l4xx.o
                0x0000000008076580                AHBPrescTable
 .rodata.APBPrescTable
                0x0000000008076590        0x8 ./Core/Src/system_stm32l4xx.o
                0x0000000008076590                APBPrescTable
 .rodata.MSIRangeTable
                0x0000000008076598       0x30 ./Core/Src/system_stm32l4xx.o
                0x0000000008076598                MSIRangeTable
 .rodata.UARTPrescTable
                0x00000000080765c8       0x18 ./Drivers/STM32L4xx_HAL_Driver/Src/stm32l4xx_hal_uart.o
                0x00000000080765c8                UARTPrescTable
 .rodata.numerator.1
                0x00000000080765e0        0x8 ./Drivers/STM32L4xx_HAL_Driver/Src/stm32l4xx_hal_uart_ex.o
 .rodata.denominator.0
                0x00000000080765e8        0x8 ./Drivers/STM32L4xx_HAL_Driver/Src/stm32l4xx_hal_uart_ex.o
 .rodata.Font11x18
                0x00000000080765f0      0xd5c ./Drivers/ssd1306/ssd1306_fonts.o
 .rodata.Font6x8
                0x000000000807734c      0x5f0 ./Drivers/ssd1306/ssd1306_fonts.o
 .rodata.sinTable_f32
                0x000000000807793c      0x804 /Users/mariobouzakhm/STM32CubeIDE/workspace_1.9.0/ECSE444-Clari/Core/lib/libarm_cortexM4lf_math.a(arm_common_tables.o)
                0x000000000807793c                sinTable_f32
 .rodata._global_impure_ptr
                0x0000000008078140        0x4 /Users/mariobouzakhm/Desktop/Programming/STM32CubeIDE.app/Contents/Eclipse/plugins/com.st.stm32cube.ide.mcu.externaltools.gnu-tools-for-stm32.10.3-2021.10.macos64_1.0.200.202301161003/tools/bin/../lib/gcc/arm-none-eabi/10.3.1/../../../../arm-none-eabi/lib/thumb/v7e-m+fp/hard/libc_nano.a(lib_a-impure.o)
                0x0000000008078140                _global_impure_ptr
 .rodata.srand.str1.1
                0x0000000008078144       0x72 /Users/mariobouzakhm/Desktop/Programming/STM32CubeIDE.app/Contents/Eclipse/plugins/com.st.stm32cube.ide.mcu.externaltools.gnu-tools-for-stm32.10.3-2021.10.macos64_1.0.200.202301161003/tools/bin/../lib/gcc/arm-none-eabi/10.3.1/../../../../arm-none-eabi/lib/thumb/v7e-m+fp/hard/libc_nano.a(lib_a-rand.o)
 .rodata.__assert_func.str1.1