../Drivers/CMSIS/Include/core_cm4.h:2059:26:ITM_SendChar	16	static,ignoring_inline_asm
../Core/Src/main.c:122:5:main	56	static
../Core/Src/main.c:251:6:SystemClock_Config	96	static
../Core/Src/main.c:302:13:MX_DAC1_Init	48	static
../Core/Src/main.c:346:13:MX_I2C1_Init	8	static
../Core/Src/main.c:394:13:MX_I2C2_Init	8	static
../Core/Src/main.c:442:13:MX_OCTOSPI1_Init	32	static
../Core/Src/main.c:490:13:MX_TIM1_Init	40	static
../Core/Src/main.c:537:13:MX_TIM2_Init	40	static
../Core/Src/main.c:582:13:MX_USART1_UART_Init	8	static
../Core/Src/main.c:628:13:MX_DMA_Init	16	static
../Core/Src/main.c:647:13:MX_GPIO_Init	48	static
../Core/Src/main.c:675:6:HAL_TIM_PeriodElapsedCallback	16	static
../Core/Src/main.c:684:6:HAL_GPIO_EXTI_Callback	40	static
../Core/Src/main.c:707:5:_write	32	static
../Core/Src/main.c:719:7:sineWrapper	16	static
../Core/Src/main.c:728:6:Error_Handler	4	static,ignoring_inline_asm
